#
# There is insufficient memory for the Java Runtime Environment to continue.
# Native memory allocation (mmap) failed to map 65536 bytes. Error detail: Failed to commit metaspace.
# Possible reasons:
#   The system is out of physical RAM or swap space
#   This process is running with CompressedOops enabled, and the Java Heap may be blocking the growth of the native heap
# Possible solutions:
#   Reduce memory load on the system
#   Increase physical memory or swap space
#   Check if swap backing store is full
#   Decrease Java heap size (-Xmx/-Xms)
#   Decrease number of Java threads
#   Decrease Java thread stack sizes (-Xss)
#   Set larger code cache with -XX:ReservedCodeCacheSize=
#   JVM is running with Zero Based Compressed Oops mode in which the Java heap is
#     placed in the first 32GB address space. The Java Heap base address is the
#     maximum limit for the native heap growth. Please use -XX:HeapBaseMinAddress
#     to set the Java Heap base and to place the Java Heap above 32GB virtual address.
# This output file may be truncated or incomplete.
#
#  Out of Memory Error (virtualSpaceNode.cpp:113), pid=12780, tid=18676
#
# JRE version: OpenJDK Runtime Environment Temurin-21.0.12.1+1 (21.0.12.1+1) (build 21.0.12.1+1-LTS)
# Java VM: OpenJDK 64-Bit Server VM Temurin-21.0.12.1+1 (21.0.12.1+1-LTS, mixed mode, sharing, tiered, compressed oops, compressed class ptrs, g1 gc, windows-amd64)
# No core dump will be written. Minidumps are not enabled by default on client versions of Windows
#

---------------  S U M M A R Y ------------

Command Line: --add-opens=java.base/java.lang=ALL-UNNAMED --add-opens=java.base/java.lang.invoke=ALL-UNNAMED --add-opens=java.base/java.util=ALL-UNNAMED --add-opens=java.prefs/java.util.prefs=ALL-UNNAMED --add-exports=jdk.compiler/com.sun.tools.javac.api=ALL-UNNAMED --add-exports=jdk.compiler/com.sun.tools.javac.util=ALL-UNNAMED --add-opens=java.base/java.util=ALL-UNNAMED --add-opens=java.prefs/java.util.prefs=ALL-UNNAMED --add-opens=java.base/java.nio.charset=ALL-UNNAMED --add-opens=java.base/java.net=ALL-UNNAMED --add-opens=java.base/java.util.concurrent=ALL-UNNAMED --add-opens=java.base/java.util.concurrent.atomic=ALL-UNNAMED --add-opens=java.xml/javax.xml.namespace=ALL-UNNAMED --add-opens=java.base/java.time=ALL-UNNAMED -XX:MaxMetaspaceSize=4G -XX:ReservedCodeCacheSize=512m -XX:+HeapDumpOnOutOfMemoryError -Xmx8G -Dfile.encoding=UTF-8 -Duser.country=ID -Duser.language=en -Duser.variant -javaagent:C:\Users\LENOVO\.gradle\wrapper\dists\gradle-9.3.1-all\9ot9r568e8zfvvd4mn8rbu1j0\gradle-9.3.1\lib\agents\gradle-instrumentation-agent-9.3.1.jar org.gradle.launcher.daemon.bootstrap.GradleDaemon 9.3.1

Host: AMD Ryzen 3 3250U with Radeon Graphics         , 4 cores, 5G,  Windows 11 , 64 bit Build 26100 (10.0.26100.9444)
Time: Fri Sep 11 19:49:11 2026 SE Asia Standard Time elapsed time: 37.970265 seconds (0d 0h 0m 37s)

---------------  T H R E A D  ---------------

Current thread (0x0000027d7ef83820):  JavaThread "C1 CompilerThread0" daemon [_thread_in_vm, id=18676, stack(0x000000f2aaa00000,0x000000f2aab00000) (1024K)]


Current CompileTask:
C1:37971 4244       3       sun.reflect.generics.parser.SignatureParser::parseZeroOrMoreFormalTypeParameters (19 bytes)

Stack: [0x000000f2aaa00000,0x000000f2aab00000]
Native frames: (J=compiled Java code, j=interpreted, Vv=VM code, C=native code)
V  [jvm.dll+0x6d83e9]
V  [jvm.dll+0x8b5736]
V  [jvm.dll+0x8b7cee]
V  [jvm.dll+0x8b83d3]
V  [jvm.dll+0x284596]
V  [jvm.dll+0x8b147e]
V  [jvm.dll+0x679ad4]
V  [jvm.dll+0x679b3a]
V  [jvm.dll+0x67c336]
V  [jvm.dll+0x67c202]
V  [jvm.dll+0x67a4ae]
V  [jvm.dll+0x68b8ba]
V  [jvm.dll+0x684a32]
V  [jvm.dll+0x1f6540]
V  [jvm.dll+0x1f6728]
V  [jvm.dll+0x1693fe]
V  [jvm.dll+0x169246]
V  [jvm.dll+0x160e10]
V  [jvm.dll+0x1630ad]
V  [jvm.dll+0x1616b6]
V  [jvm.dll+0x15b3f7]
V  [jvm.dll+0x16aec8]
V  [jvm.dll+0x1569e5]
V  [jvm.dll+0x156d32]
V  [jvm.dll+0x156fe4]
V  [jvm.dll+0x1563fc]
V  [jvm.dll+0x15818d]
V  [jvm.dll+0x25baad]
V  [jvm.dll+0x25a03a]
V  [jvm.dll+0x3f8aae]
V  [jvm.dll+0x8600cd]
V  [jvm.dll+0x6d6c1d]
C  [ucrtbase.dll+0x2cd30]
C  [KERNEL32.DLL+0x2cd87]
C  [ntdll.dll+0xacaec]


---------------  P R O C E S S  ---------------

Threads class SMR info:
_java_thread_list=0x0000027d7f415e80, length=35, elements={
0x0000027d57788000, 0x0000027d7ef6d430, 0x0000027d7ef70cc0, 0x0000027d7ef74c70,
0x0000027d7ef75950, 0x0000027d7ef763b0, 0x0000027d7ef78850, 0x0000027d7ef7c600,
0x0000027d7ef83820, 0x0000027d7f4a0020, 0x0000027d7f4e73c0, 0x0000027d50060610,
0x0000027d4ffc4780, 0x0000027d7f7c30a0, 0x0000027d4f473560, 0x0000027d7f4fdf60,
0x0000027d4f4d9640, 0x0000027d4f520ed0, 0x0000027d4f521560, 0x0000027d4f522910,
0x0000027d4f522280, 0x0000027d4f521bf0, 0x0000027d4f522fa0, 0x0000027d4f523630,
0x0000027d4f4b2590, 0x0000027d4f4b60a0, 0x0000027d4f4b2c20, 0x0000027d4f4b6730,
0x0000027d4f4b32b0, 0x0000027d4f4b5380, 0x0000027d4f4b4cf0, 0x0000027d4f4b5a10,
0x0000027d4f4b4660, 0x0000027d4f4b6dc0, 0x0000027d4f4b3fd0
}

Java Threads: ( => current thread )
  0x0000027d57788000 JavaThread "main"                              [_thread_blocked, id=15528, stack(0x000000f2a9b00000,0x000000f2a9c00000) (1024K)]
  0x0000027d7ef6d430 JavaThread "Reference Handler"          daemon [_thread_blocked, id=15952, stack(0x000000f2aa300000,0x000000f2aa400000) (1024K)]
  0x0000027d7ef70cc0 JavaThread "Finalizer"                  daemon [_thread_blocked, id=4036, stack(0x000000f2aa400000,0x000000f2aa500000) (1024K)]
  0x0000027d7ef74c70 JavaThread "Signal Dispatcher"          daemon [_thread_blocked, id=4916, stack(0x000000f2aa500000,0x000000f2aa600000) (1024K)]
  0x0000027d7ef75950 JavaThread "Attach Listener"            daemon [_thread_blocked, id=5632, stack(0x000000f2aa600000,0x000000f2aa700000) (1024K)]
  0x0000027d7ef763b0 JavaThread "Service Thread"             daemon [_thread_blocked, id=12320, stack(0x000000f2aa700000,0x000000f2aa800000) (1024K)]
  0x0000027d7ef78850 JavaThread "Monitor Deflation Thread"   daemon [_thread_blocked, id=14080, stack(0x000000f2aa800000,0x000000f2aa900000) (1024K)]
  0x0000027d7ef7c600 JavaThread "C2 CompilerThread0"         daemon [_thread_blocked, id=13252, stack(0x000000f2aa900000,0x000000f2aaa00000) (1024K)]
=>0x0000027d7ef83820 JavaThread "C1 CompilerThread0"         daemon [_thread_in_vm, id=18676, stack(0x000000f2aaa00000,0x000000f2aab00000) (1024K)]
  0x0000027d7f4a0020 JavaThread "Common-Cleaner"             daemon [_thread_blocked, id=8140, stack(0x000000f2aab00000,0x000000f2aac00000) (1024K)]
  0x0000027d7f4e73c0 JavaThread "Notification Thread"        daemon [_thread_blocked, id=17512, stack(0x000000f2aac00000,0x000000f2aad00000) (1024K)]
  0x0000027d50060610 JavaThread "Daemon health stats"               [_thread_blocked, id=12260, stack(0x000000f2ab000000,0x000000f2ab100000) (1024K)]
  0x0000027d4ffc4780 JavaThread "Incoming local TCP Connector on port 50852"        [_thread_in_native, id=10348, stack(0x000000f2ab100000,0x000000f2ab200000) (1024K)]
  0x0000027d7f7c30a0 JavaThread "Daemon periodic checks"            [_thread_blocked, id=13920, stack(0x000000f2ab200000,0x000000f2ab300000) (1024K)]
  0x0000027d4f473560 JavaThread "Daemon"                            [_thread_blocked, id=11236, stack(0x000000f2ab300000,0x000000f2ab400000) (1024K)]
  0x0000027d7f4fdf60 JavaThread "Handler for socket connection from /127.0.0.1:50852 to /127.0.0.1:64817"        [_thread_in_native, id=2000, stack(0x000000f2ab400000,0x000000f2ab500000) (1024K)]
  0x0000027d4f4d9640 JavaThread "Cancel handler"                    [_thread_blocked, id=23512, stack(0x000000f2ab500000,0x000000f2ab600000) (1024K)]
  0x0000027d4f520ed0 JavaThread "Daemon worker"                     [_thread_in_vm, id=22304, stack(0x000000f2ab600000,0x000000f2ab700000) (1024K)]
  0x0000027d4f521560 JavaThread "Asynchronous log dispatcher for DefaultDaemonConnection: socket connection from /127.0.0.1:50852 to /127.0.0.1:64817"        [_thread_blocked, id=14880, stack(0x000000f2ab700000,0x000000f2ab800000) (1024K)]
  0x0000027d4f522910 JavaThread "Stdin handler"                     [_thread_blocked, id=22940, stack(0x000000f2ab800000,0x000000f2ab900000) (1024K)]
  0x0000027d4f522280 JavaThread "Daemon client event forwarder"        [_thread_blocked, id=300, stack(0x000000f2ab900000,0x000000f2aba00000) (1024K)]
  0x0000027d4f521bf0 JavaThread "Cache worker for journal cache (C:\Users\LENOVO\.gradle\caches\journal-1)"        [_thread_blocked, id=1904, stack(0x000000f2aba00000,0x000000f2abb00000) (1024K)]
  0x0000027d4f522fa0 JavaThread "File lock request listener"        [_thread_in_native, id=13684, stack(0x000000f2abb00000,0x000000f2abc00000) (1024K)]
  0x0000027d4f523630 JavaThread "Cache worker for file hash cache (C:\Users\LENOVO\.gradle\caches\9.3.1\fileHashes)"        [_thread_blocked, id=3412, stack(0x000000f2abc00000,0x000000f2abd00000) (1024K)]
  0x0000027d4f4b2590 JavaThread "File lock release action executor"        [_thread_blocked, id=18476, stack(0x000000f2abd00000,0x000000f2abe00000) (1024K)]
  0x0000027d4f4b60a0 JavaThread "Cache worker for file hash cache (D:\sharren\semester5\PemrogramanMobile\244107020191-mobile-course\02-week-2-declarative-ui-responsive-design\responsive_dashboard\android\.gradle\9.3.1\fileHashes)"        [_thread_blocked, id=10584, stack(0x000000f2abe00000,0x000000f2abf00000) (1024K)]
  0x0000027d4f4b2c20 JavaThread "Cache worker for Build Output Cleanup Cache (D:\sharren\semester5\PemrogramanMobile\244107020191-mobile-course\02-week-2-declarative-ui-responsive-design\responsive_dashboard\android\.gradle\buildOutputCleanup)"        [_thread_blocked, id=22364, stack(0x000000f2abf00000,0x000000f2ac000000) (1024K)]
  0x0000027d4f4b6730 JavaThread "File watcher server"        daemon [_thread_in_native, id=1676, stack(0x000000f2ac000000,0x000000f2ac100000) (1024K)]
  0x0000027d4f4b32b0 JavaThread "File watcher consumer"      daemon [_thread_blocked, id=24708, stack(0x000000f2ac100000,0x000000f2ac200000) (1024K)]
  0x0000027d4f4b5380 JavaThread "Cache worker for checksums cache (D:\sharren\semester5\PemrogramanMobile\244107020191-mobile-course\02-week-2-declarative-ui-responsive-design\responsive_dashboard\android\.gradle\9.3.1\checksums)"        [_thread_blocked, id=22328, stack(0x000000f2ac200000,0x000000f2ac300000) (1024K)]
  0x0000027d4f4b4cf0 JavaThread "Cache worker for file content cache (C:\Users\LENOVO\.gradle\caches\9.3.1\fileContent)"        [_thread_blocked, id=24964, stack(0x000000f2ac300000,0x000000f2ac400000) (1024K)]
  0x0000027d4f4b5a10 JavaThread "Cache worker for cache directory md-supplier (C:\Users\LENOVO\.gradle\caches\9.3.1\md-supplier)"        [_thread_blocked, id=6328, stack(0x000000f2ac400000,0x000000f2ac500000) (1024K)]
  0x0000027d4f4b4660 JavaThread "Cache worker for cache directory md-rule (C:\Users\LENOVO\.gradle\caches\9.3.1\md-rule)"        [_thread_blocked, id=12116, stack(0x000000f2ac500000,0x000000f2ac600000) (1024K)]
  0x0000027d4f4b6dc0 JavaThread "jar transforms"                    [_thread_blocked, id=17348, stack(0x000000f2ac600000,0x000000f2ac700000) (1024K)]
  0x0000027d4f4b3fd0 JavaThread "jar transforms Thread 2"           [_thread_blocked, id=16616, stack(0x000000f2ac700000,0x000000f2ac800000) (1024K)]
Total: 35

Other Threads:
  0x0000027d7ef4ca90 VMThread "VM Thread"                           [id=24584, stack(0x000000f2aa200000,0x000000f2aa300000) (1024K)]
  0x0000027d7ef3a790 WatcherThread "VM Periodic Task Thread"        [id=5704, stack(0x000000f2aa100000,0x000000f2aa200000) (1024K)]
  0x0000027d59a687e0 WorkerThread "GC Thread#0"                     [id=22816, stack(0x000000f2a9c00000,0x000000f2a9d00000) (1024K)]
  0x0000027d7ef4c330 WorkerThread "GC Thread#1"                     [id=9372, stack(0x000000f2aad00000,0x000000f2aae00000) (1024K)]
  0x0000027d7ef4c6e0 WorkerThread "GC Thread#2"                     [id=11444, stack(0x000000f2aae00000,0x000000f2aaf00000) (1024K)]
  0x0000027d7ef4bf80 WorkerThread "GC Thread#3"                     [id=21920, stack(0x000000f2aaf00000,0x000000f2ab000000) (1024K)]
  0x0000027d59a7a560 ConcurrentGCThread "G1 Main Marker"            [id=18036, stack(0x000000f2a9d00000,0x000000f2a9e00000) (1024K)]
  0x0000027d59a7b720 WorkerThread "G1 Conc#0"                       [id=3316, stack(0x000000f2a9e00000,0x000000f2a9f00000) (1024K)]
  0x0000027d7ee0a250 ConcurrentGCThread "G1 Refine#0"               [id=23144, stack(0x000000f2a9f00000,0x000000f2aa000000) (1024K)]
  0x0000027d7ee0f8b0 ConcurrentGCThread "G1 Service"                [id=20408, stack(0x000000f2aa000000,0x000000f2aa100000) (1024K)]
Total: 10

Threads with active compile tasks:
C1 CompilerThread0  38101 4244       3       sun.reflect.generics.parser.SignatureParser::parseZeroOrMoreFormalTypeParameters (19 bytes)
Total: 1

VM state: not at safepoint (normal execution)

VM Mutex/Monitor currently owned by a thread:  ([mutex/lock_event])
[0x00007ffdc07fd530] Metaspace_lock - owner thread: 0x0000027d7ef83820

Heap address: 0x0000000600000000, size: 8192 MB, Compressed Oops mode: Zero based, Oop shift amount: 3

CDS archive(s) mapped at: [0x0000027d0a000000-0x0000027d0aba0000-0x0000027d0aba0000), size 12189696, SharedBaseAddress: 0x0000027d0a000000, ArchiveRelocationMode: 1.
Compressed class space mapped at: 0x0000027d0b000000-0x0000027d4b000000, reserved size: 1073741824
Narrow klass base: 0x0000027d0a000000, Narrow klass shift: 0, Narrow klass range: 0x100000000

GC Precious Log:
 CardTable entry size: 512
 Card Set container configuration: InlinePtr #cards 4 size 8 Array Of Cards #cards 32 size 80 Howl #buckets 8 coarsen threshold 7372 Howl Bitmap #cards 1024 size 144 coarsen threshold 921 Card regions per heap region 1 cards per card region 8192
 CPUs: 4 total, 4 available
 Memory: 6020M
 Large Page Support: Disabled
 NUMA Support: Disabled
 Compressed Oops: Enabled (Zero based)
 Heap Region Size: 4M
 Heap Min Capacity: 8M
 Heap Initial Capacity: 96M
 Heap Max Capacity: 8G
 Pre-touch: Disabled
 Parallel Workers: 4
 Concurrent Workers: 1
 Concurrent Refinement Workers: 4
 Periodic GC: Disabled

Heap:
 garbage-first heap   total 98304K, used 37874K [0x0000000600000000, 0x0000000800000000)
  region size 4096K, 4 young (16384K), 1 survivors (4096K)
 Metaspace       used 36190K, committed 37504K, reserved 1114112K
  class space    used 5236K, committed 5888K, reserved 1048576K

Heap Regions: E=young(eden), S=young(survivor), O=old, HS=humongous(starts), HC=humongous(continues), CS=collection set, F=free, TAMS=top-at-mark-start, PB=parsable bottom
|   0|0x0000000600000000, 0x0000000600400000, 0x0000000600400000|100%|HS|  |TAMS 0x0000000600000000| PB 0x0000000600000000| Complete 
|   1|0x0000000600400000, 0x0000000600800000, 0x0000000600800000|100%| O|  |TAMS 0x0000000600400000| PB 0x0000000600400000| Untracked 
|   2|0x0000000600800000, 0x0000000600c00000, 0x0000000600c00000|100%| O|  |TAMS 0x0000000600800000| PB 0x0000000600800000| Untracked 
|   3|0x0000000600c00000, 0x0000000601000000, 0x0000000601000000|100%| O|  |TAMS 0x0000000600c00000| PB 0x0000000600c00000| Untracked 
|   4|0x0000000601000000, 0x000000060117b930, 0x0000000601400000| 37%| O|  |TAMS 0x0000000601000000| PB 0x0000000601000000| Untracked 
|   5|0x0000000601400000, 0x0000000601800000, 0x0000000601800000|100%| O|  |TAMS 0x0000000601400000| PB 0x0000000601400000| Untracked 
|   6|0x0000000601800000, 0x0000000601c00000, 0x0000000601c00000|100%| O|  |TAMS 0x0000000601800000| PB 0x0000000601800000| Untracked 
|   7|0x0000000601c00000, 0x0000000601c00000, 0x0000000602000000|  0%| F|  |TAMS 0x0000000601c00000| PB 0x0000000601c00000| Untracked 
|   8|0x0000000602000000, 0x0000000602000000, 0x0000000602400000|  0%| F|  |TAMS 0x0000000602000000| PB 0x0000000602000000| Untracked 
|   9|0x0000000602400000, 0x0000000602400000, 0x0000000602800000|  0%| F|  |TAMS 0x0000000602400000| PB 0x0000000602400000| Untracked 
|  10|0x0000000602800000, 0x0000000602800000, 0x0000000602c00000|  0%| F|  |TAMS 0x0000000602800000| PB 0x0000000602800000| Untracked 
|  11|0x0000000602c00000, 0x0000000602c00000, 0x0000000603000000|  0%| F|  |TAMS 0x0000000602c00000| PB 0x0000000602c00000| Untracked 
|  12|0x0000000603000000, 0x0000000603000000, 0x0000000603400000|  0%| F|  |TAMS 0x0000000603000000| PB 0x0000000603000000| Untracked 
|  13|0x0000000603400000, 0x0000000603400000, 0x0000000603800000|  0%| F|  |TAMS 0x0000000603400000| PB 0x0000000603400000| Untracked 
|  14|0x0000000603800000, 0x0000000603800000, 0x0000000603c00000|  0%| F|  |TAMS 0x0000000603800000| PB 0x0000000603800000| Untracked 
|  15|0x0000000603c00000, 0x0000000603c00000, 0x0000000604000000|  0%| F|  |TAMS 0x0000000603c00000| PB 0x0000000603c00000| Untracked 
|  16|0x0000000604000000, 0x0000000604000000, 0x0000000604400000|  0%| F|  |TAMS 0x0000000604000000| PB 0x0000000604000000| Untracked 
|  17|0x0000000604400000, 0x0000000604400000, 0x0000000604800000|  0%| F|  |TAMS 0x0000000604400000| PB 0x0000000604400000| Untracked 
|  18|0x0000000604800000, 0x0000000604800000, 0x0000000604c00000|  0%| F|  |TAMS 0x0000000604800000| PB 0x0000000604800000| Untracked 
|  19|0x0000000604c00000, 0x0000000604c00000, 0x0000000605000000|  0%| F|  |TAMS 0x0000000604c00000| PB 0x0000000604c00000| Untracked 
|  20|0x0000000605000000, 0x000000060528e400, 0x0000000605400000| 63%| E|  |TAMS 0x0000000605000000| PB 0x0000000605000000| Complete 
|  21|0x0000000605400000, 0x0000000605781180, 0x0000000605800000| 87%| S|CS|TAMS 0x0000000605400000| PB 0x0000000605400000| Complete 
|  22|0x0000000605800000, 0x0000000605c00000, 0x0000000605c00000|100%| E|CS|TAMS 0x0000000605800000| PB 0x0000000605800000| Complete 
|  23|0x0000000605c00000, 0x0000000606000000, 0x0000000606000000|100%| E|CS|TAMS 0x0000000605c00000| PB 0x0000000605c00000| Complete 

Card table byte_map: [0x0000027d7dcd0000,0x0000027d7ecd0000] _byte_map_base: 0x0000027d7acd0000

Marking Bits: (CMBitMap*) 0x0000027d59a68e00
 Bits: [0x0000027d00000000, 0x0000027d08000000)

Polling page: 0x0000027d57b80000

Metaspace:

Usage:
  Non-class:     30.23 MB used.
      Class:      5.11 MB used.
       Both:     35.34 MB used.

Virtual space:
  Non-class space:       64.00 MB reserved,      30.88 MB ( 48%) committed,  1 nodes.
      Class space:        1.00 GB reserved,       5.75 MB ( <1%) committed,  1 nodes.
             Both:        1.06 GB reserved,      36.62 MB (  3%) committed. 

Chunk freelists:
   Non-Class:  1.01 MB
       Class:  10.09 MB
        Both:  11.10 MB

MaxMetaspaceSize: 4.00 GB
CompressedClassSpaceSize: 1.00 GB
Initial GC threshold: 21.00 MB
Current GC threshold: 58.69 MB
CDS: on
 - commit_granule_bytes: 65536.
 - commit_granule_words: 8192.
 - virtual_space_node_default_size: 8388608.
 - enlarge_chunks_in_place: 1.
 - use_allocation_guard: 0.


Internal statistics:

num_allocs_failed_limit: 6.
num_arena_births: 2374.
num_arena_deaths: 0.
num_vsnodes_births: 2.
num_vsnodes_deaths: 0.
num_space_committed: 586.
num_space_uncommitted: 0.
num_chunks_returned_to_freelist: 6.
num_chunks_taken_from_freelist: 4072.
num_chunk_merges: 6.
num_chunk_splits: 2656.
num_chunks_enlarged: 1629.
num_inconsistent_stats: 0.

CodeHeap 'non-profiled nmethods': size=259264Kb used=2236Kb max_used=2422Kb free=257028Kb
 bounds [0x0000027d6ce90000, 0x0000027d6d100000, 0x0000027d7cbc0000]
CodeHeap 'profiled nmethods': size=259264Kb used=7306Kb max_used=8042Kb free=251957Kb
 bounds [0x0000027d5cbc0000, 0x0000027d5d3a0000, 0x0000027d6c8f0000]
CodeHeap 'non-nmethods': size=5760Kb used=1817Kb max_used=1845Kb free=3942Kb
 bounds [0x0000027d6c8f0000, 0x0000027d6cb60000, 0x0000027d6ce90000]
CodeCache: size=524288Kb, used=11359Kb, max_used=12309Kb, free=512927Kb
 total_blobs=4453, nmethods=3763, adapters=593, full_count=0
Compilation: enabled, stopped_count=0, restarted_count=0

Compilation events (20 events):
Event: 37.905 Thread 0x0000027d7ef83820 nmethod 4234 0x0000027d6cec6b90 code [0x0000027d6cec6d20, 0x0000027d6cec6df0]
Event: 37.909 Thread 0x0000027d7ef83820 4235       3       jdk.internal.org.objectweb.asm.MethodWriter::visitVarInsn (302 bytes)
Event: 37.910 Thread 0x0000027d7ef83820 nmethod 4235 0x0000027d5cf7f190 code [0x0000027d5cf7f400, 0x0000027d5cf7fd10]
Event: 37.913 Thread 0x0000027d7ef7c600 4236       4       org.gradle.internal.service.DefaultServiceRegistry::unwrap (75 bytes)
Event: 37.917 Thread 0x0000027d7ef7c600 nmethod 4236 0x0000027d6cec6490 code [0x0000027d6cec6660, 0x0000027d6cec6908]
Event: 37.921 Thread 0x0000027d7ef7c600 4237       4       java.security.SecureClassLoader$CodeSourceKey::hashCode (21 bytes)
Event: 37.922 Thread 0x0000027d7ef7c600 nmethod 4237 0x0000027d6cec6090 code [0x0000027d6cec6220, 0x0000027d6cec6378]
Event: 37.948 Thread 0x0000027d7ef83820 4238       3       sun.reflect.generics.reflectiveObjects.ParameterizedTypeImpl::<init> (35 bytes)
Event: 37.948 Thread 0x0000027d7ef83820 nmethod 4238 0x0000027d5ce42110 code [0x0000027d5ce422e0, 0x0000027d5ce42630]
Event: 37.948 Thread 0x0000027d7ef83820 4239       3       java.lang.Class::getDeclaringClass (31 bytes)
Event: 37.948 Thread 0x0000027d7ef83820 nmethod 4239 0x0000027d5ce41c10 code [0x0000027d5ce41de0, 0x0000027d5ce42028]
Event: 37.949 Thread 0x0000027d7ef83820 4240       3       sun.reflect.generics.parser.SignatureParser::parseTypeArgument (135 bytes)
Event: 37.950 Thread 0x0000027d7ef83820 nmethod 4240 0x0000027d5cc69a90 code [0x0000027d5cc69de0, 0x0000027d5cc6b5c8]
Event: 37.952 Thread 0x0000027d7ef83820 4242       3       sun.reflect.generics.reflectiveObjects.ParameterizedTypeImpl::make (11 bytes)
Event: 37.952 Thread 0x0000027d7ef83820 nmethod 4242 0x0000027d5cbf0410 code [0x0000027d5cbf05e0, 0x0000027d5cbf09e0]
Event: 37.952 Thread 0x0000027d7ef83820 4241       1       sun.reflect.generics.scope.AbstractScope::getRecvr (5 bytes)
Event: 37.952 Thread 0x0000027d7ef83820 nmethod 4241 0x0000027d6cec5d10 code [0x0000027d6cec5ea0, 0x0000027d6cec5f70]
Event: 37.956 Thread 0x0000027d7ef83820 4243       3       java.beans.FeatureDescriptor::getParameterTypes (21 bytes)
Event: 37.957 Thread 0x0000027d7ef83820 nmethod 4243 0x0000027d5cc13b10 code [0x0000027d5cc13de0, 0x0000027d5cc14b70]
Event: 37.964 Thread 0x0000027d7ef83820 4244       3       sun.reflect.generics.parser.SignatureParser::parseZeroOrMoreFormalTypeParameters (19 bytes)

GC Heap History (18 events):
Event: 0.798 GC heap before
{Heap before GC invocations=0 (full 0):
 garbage-first heap   total 98304K, used 4096K [0x0000000600000000, 0x0000000800000000)
  region size 4096K, 2 young (8192K), 0 survivors (0K)
 Metaspace       used 778K, committed 960K, reserved 1114112K
  class space    used 70K, committed 128K, reserved 1048576K
}
Event: 0.804 GC heap after
{Heap after GC invocations=1 (full 0):
 garbage-first heap   total 98304K, used 1058K [0x0000000600000000, 0x0000000800000000)
  region size 4096K, 1 young (4096K), 1 survivors (4096K)
 Metaspace       used 778K, committed 960K, reserved 1114112K
  class space    used 70K, committed 128K, reserved 1048576K
}
Event: 1.242 GC heap before
{Heap before GC invocations=1 (full 0):
 garbage-first heap   total 98304K, used 13346K [0x0000000600000000, 0x0000000800000000)
  region size 4096K, 4 young (16384K), 1 survivors (4096K)
 Metaspace       used 874K, committed 1024K, reserved 1114112K
  class space    used 70K, committed 128K, reserved 1048576K
}
Event: 1.246 GC heap after
{Heap after GC invocations=2 (full 0):
 garbage-first heap   total 98304K, used 1660K [0x0000000600000000, 0x0000000800000000)
  region size 4096K, 1 young (4096K), 1 survivors (4096K)
 Metaspace       used 874K, committed 1024K, reserved 1114112K
  class space    used 70K, committed 128K, reserved 1048576K
}
Event: 7.782 GC heap before
{Heap before GC invocations=2 (full 0):
 garbage-first heap   total 98304K, used 54908K [0x0000000600000000, 0x0000000800000000)
  region size 4096K, 14 young (57344K), 1 survivors (4096K)
 Metaspace       used 4609K, committed 4864K, reserved 1114112K
  class space    used 582K, committed 704K, reserved 1048576K
}
Event: 7.794 GC heap after
{Heap after GC invocations=3 (full 0):
 garbage-first heap   total 98304K, used 12288K [0x0000000600000000, 0x0000000800000000)
  region size 4096K, 2 young (8192K), 2 survivors (8192K)
 Metaspace       used 4609K, committed 4864K, reserved 1114112K
  class space    used 582K, committed 704K, reserved 1048576K
}
Event: 10.427 GC heap before
{Heap before GC invocations=3 (full 0):
 garbage-first heap   total 98304K, used 61440K [0x0000000600000000, 0x0000000800000000)
  region size 4096K, 14 young (57344K), 2 survivors (8192K)
 Metaspace       used 7397K, committed 7680K, reserved 1114112K
  class space    used 1003K, committed 1152K, reserved 1048576K
}
Event: 10.446 GC heap after
{Heap after GC invocations=4 (full 0):
 garbage-first heap   total 98304K, used 18747K [0x0000000600000000, 0x0000000800000000)
  region size 4096K, 2 young (8192K), 2 survivors (8192K)
 Metaspace       used 7397K, committed 7680K, reserved 1114112K
  class space    used 1003K, committed 1152K, reserved 1048576K
}
Event: 14.476 GC heap before
{Heap before GC invocations=4 (full 0):
 garbage-first heap   total 98304K, used 67899K [0x0000000600000000, 0x0000000800000000)
  region size 4096K, 14 young (57344K), 2 survivors (8192K)
 Metaspace       used 16681K, committed 17152K, reserved 1114112K
  class space    used 2305K, committed 2496K, reserved 1048576K
}
Event: 14.487 GC heap after
{Heap after GC invocations=5 (full 0):
 garbage-first heap   total 98304K, used 22078K [0x0000000600000000, 0x0000000800000000)
  region size 4096K, 1 young (4096K), 1 survivors (4096K)
 Metaspace       used 16681K, committed 17152K, reserved 1114112K
  class space    used 2305K, committed 2496K, reserved 1048576K
}
Event: 15.664 GC heap before
{Heap before GC invocations=5 (full 0):
 garbage-first heap   total 98304K, used 46654K [0x0000000600000000, 0x0000000800000000)
  region size 4096K, 9 young (36864K), 1 survivors (4096K)
 Metaspace       used 20880K, committed 21504K, reserved 1114112K
  class space    used 2874K, committed 3200K, reserved 1048576K
}
Event: 15.671 GC heap after
{Heap after GC invocations=6 (full 0):
 garbage-first heap   total 98304K, used 23374K [0x0000000600000000, 0x0000000800000000)
  region size 4096K, 2 young (8192K), 2 survivors (8192K)
 Metaspace       used 20880K, committed 21504K, reserved 1114112K
  class space    used 2874K, committed 3200K, reserved 1048576K
}
Event: 18.498 GC heap before
{Heap before GC invocations=7 (full 0):
 garbage-first heap   total 98304K, used 72526K [0x0000000600000000, 0x0000000800000000)
  region size 4096K, 14 young (57344K), 2 survivors (8192K)
 Metaspace       used 27196K, committed 28160K, reserved 1114112K
  class space    used 3901K, committed 4352K, reserved 1048576K
}
Event: 18.510 GC heap after
{Heap after GC invocations=8 (full 0):
 garbage-first heap   total 98304K, used 26635K [0x0000000600000000, 0x0000000800000000)
  region size 4096K, 2 young (8192K), 2 survivors (8192K)
 Metaspace       used 27196K, committed 28160K, reserved 1114112K
  class space    used 3901K, committed 4352K, reserved 1048576K
}
Event: 30.351 GC heap before
{Heap before GC invocations=8 (full 0):
 garbage-first heap   total 98304K, used 75787K [0x0000000600000000, 0x0000000800000000)
  region size 4096K, 14 young (57344K), 2 survivors (8192K)
 Metaspace       used 33567K, committed 34944K, reserved 1114112K
  class space    used 4994K, committed 5632K, reserved 1048576K
}
Event: 30.367 GC heap after
{Heap after GC invocations=9 (full 0):
 garbage-first heap   total 98304K, used 28970K [0x0000000600000000, 0x0000000800000000)
  region size 4096K, 2 young (8192K), 2 survivors (8192K)
 Metaspace       used 33567K, committed 34944K, reserved 1114112K
  class space    used 4994K, committed 5632K, reserved 1048576K
}
Event: 30.571 GC heap before
{Heap before GC invocations=9 (full 0):
 garbage-first heap   total 98304K, used 33066K [0x0000000600000000, 0x0000000800000000)
  region size 4096K, 4 young (16384K), 2 survivors (8192K)
 Metaspace       used 34636K, committed 35968K, reserved 1114112K
  class space    used 5052K, committed 5696K, reserved 1048576K
}
Event: 30.580 GC heap after
{Heap after GC invocations=10 (full 0):
 garbage-first heap   total 98304K, used 29682K [0x0000000600000000, 0x0000000800000000)
  region size 4096K, 1 young (4096K), 1 survivors (4096K)
 Metaspace       used 34636K, committed 35968K, reserved 1114112K
  class space    used 5052K, committed 5696K, reserved 1048576K
}

Dll operation events (20 events):
Event: 0.228 Attempting to load shared library C:\Users\LENOVO\.vscode\extensions\redhat.java-1.56.0-win32-x64\jre\21.0.12.1-win32-x86_64\bin\nio.dll
Event: 0.230 Loaded shared library C:\Users\LENOVO\.vscode\extensions\redhat.java-1.56.0-win32-x64\jre\21.0.12.1-win32-x86_64\bin\nio.dll
Event: 0.236 Attempting to load shared library C:\Users\LENOVO\.vscode\extensions\redhat.java-1.56.0-win32-x64\jre\21.0.12.1-win32-x86_64\bin\zip.dll
Event: 0.236 Loaded shared library C:\Users\LENOVO\.vscode\extensions\redhat.java-1.56.0-win32-x64\jre\21.0.12.1-win32-x86_64\bin\zip.dll
Event: 1.332 Attempting to load shared library C:\Users\LENOVO\.vscode\extensions\redhat.java-1.56.0-win32-x64\jre\21.0.12.1-win32-x86_64\bin\jimage.dll
Event: 1.332 Loaded shared library C:\Users\LENOVO\.vscode\extensions\redhat.java-1.56.0-win32-x64\jre\21.0.12.1-win32-x86_64\bin\jimage.dll
Event: 4.457 Attempting to load shared library C:\Users\LENOVO\.vscode\extensions\redhat.java-1.56.0-win32-x64\jre\21.0.12.1-win32-x86_64\bin\verify.dll
Event: 4.465 Loaded shared library C:\Users\LENOVO\.vscode\extensions\redhat.java-1.56.0-win32-x64\jre\21.0.12.1-win32-x86_64\bin\verify.dll
Event: 4.570 Attempting to load shared library C:\Users\LENOVO\.gradle\native\660c5614fbf4a5f2a75b1949f50a0caf5cd603558e7d8a26e50b933a0cfb79d1\windows-amd64\native-platform.dll
Event: 4.573 Loaded shared library C:\Users\LENOVO\.gradle\native\660c5614fbf4a5f2a75b1949f50a0caf5cd603558e7d8a26e50b933a0cfb79d1\windows-amd64\native-platform.dll
Event: 4.611 Attempting to load shared library C:\Users\LENOVO\.gradle\native\0.2.8\x86_64-windows-gnu\gradle-fileevents.dll
Event: 4.615 Loaded shared library C:\Users\LENOVO\.gradle\native\0.2.8\x86_64-windows-gnu\gradle-fileevents.dll
Event: 10.198 Attempting to load shared library C:\Users\LENOVO\.vscode\extensions\redhat.java-1.56.0-win32-x64\jre\21.0.12.1-win32-x86_64\bin\management.dll
Event: 10.200 Loaded shared library C:\Users\LENOVO\.vscode\extensions\redhat.java-1.56.0-win32-x64\jre\21.0.12.1-win32-x86_64\bin\management.dll
Event: 10.204 Attempting to load shared library C:\Users\LENOVO\.vscode\extensions\redhat.java-1.56.0-win32-x64\jre\21.0.12.1-win32-x86_64\bin\management_ext.dll
Event: 10.207 Loaded shared library C:\Users\LENOVO\.vscode\extensions\redhat.java-1.56.0-win32-x64\jre\21.0.12.1-win32-x86_64\bin\management_ext.dll
Event: 10.648 Attempting to load shared library C:\Users\LENOVO\.vscode\extensions\redhat.java-1.56.0-win32-x64\jre\21.0.12.1-win32-x86_64\bin\extnet.dll
Event: 10.649 Loaded shared library C:\Users\LENOVO\.vscode\extensions\redhat.java-1.56.0-win32-x64\jre\21.0.12.1-win32-x86_64\bin\extnet.dll
Event: 11.354 Attempting to load shared library C:\Users\LENOVO\.vscode\extensions\redhat.java-1.56.0-win32-x64\jre\21.0.12.1-win32-x86_64\bin\sunmscapi.dll
Event: 11.370 Loaded shared library C:\Users\LENOVO\.vscode\extensions\redhat.java-1.56.0-win32-x64\jre\21.0.12.1-win32-x86_64\bin\sunmscapi.dll

Deoptimization events (20 events):
Event: 32.375 Thread 0x0000027d4f520ed0 Uncommon trap: trap_request=0xffffffc6 fr.pc=0x0000027d6cf71590 relative=0x0000000000000b10
Event: 32.375 Thread 0x0000027d4f520ed0 Uncommon trap: reason=bimorphic_or_optimized_type_check action=maybe_recompile pc=0x0000027d6cf71590 method=java.util.regex.Pattern$BmpCharProperty.match(Ljava/util/regex/Matcher;ILjava/lang/CharSequence;)Z @ 19 c2
Event: 32.375 Thread 0x0000027d4f520ed0 DEOPT PACKING pc=0x0000027d6cf71590 sp=0x000000f2ab6f8460
Event: 32.375 Thread 0x0000027d4f520ed0 DEOPT UNPACKING pc=0x0000027d6c944422 sp=0x000000f2ab6f8338 mode 2
Event: 32.391 Thread 0x0000027d4f520ed0 Uncommon trap: trap_request=0xffffffc6 fr.pc=0x0000027d6cf71590 relative=0x0000000000000b10
Event: 32.391 Thread 0x0000027d4f520ed0 Uncommon trap: reason=bimorphic_or_optimized_type_check action=maybe_recompile pc=0x0000027d6cf71590 method=java.util.regex.Pattern$BmpCharProperty.match(Ljava/util/regex/Matcher;ILjava/lang/CharSequence;)Z @ 19 c2
Event: 32.391 Thread 0x0000027d4f520ed0 DEOPT PACKING pc=0x0000027d6cf71590 sp=0x000000f2ab6f8460
Event: 32.391 Thread 0x0000027d4f520ed0 DEOPT UNPACKING pc=0x0000027d6c944422 sp=0x000000f2ab6f8338 mode 2
Event: 32.690 Thread 0x0000027d4f520ed0 Uncommon trap: trap_request=0xffffffc6 fr.pc=0x0000027d6cf71590 relative=0x0000000000000b10
Event: 32.690 Thread 0x0000027d4f520ed0 Uncommon trap: reason=bimorphic_or_optimized_type_check action=maybe_recompile pc=0x0000027d6cf71590 method=java.util.regex.Pattern$BmpCharProperty.match(Ljava/util/regex/Matcher;ILjava/lang/CharSequence;)Z @ 19 c2
Event: 32.690 Thread 0x0000027d4f520ed0 DEOPT PACKING pc=0x0000027d6cf71590 sp=0x000000f2ab6f8460
Event: 32.690 Thread 0x0000027d4f520ed0 DEOPT UNPACKING pc=0x0000027d6c944422 sp=0x000000f2ab6f8338 mode 2
Event: 32.726 Thread 0x0000027d4f520ed0 Uncommon trap: trap_request=0xffffffc6 fr.pc=0x0000027d6cf71590 relative=0x0000000000000b10
Event: 32.726 Thread 0x0000027d4f520ed0 Uncommon trap: reason=bimorphic_or_optimized_type_check action=maybe_recompile pc=0x0000027d6cf71590 method=java.util.regex.Pattern$BmpCharProperty.match(Ljava/util/regex/Matcher;ILjava/lang/CharSequence;)Z @ 19 c2
Event: 32.727 Thread 0x0000027d4f520ed0 DEOPT PACKING pc=0x0000027d6cf71590 sp=0x000000f2ab6f8460
Event: 32.727 Thread 0x0000027d4f520ed0 DEOPT UNPACKING pc=0x0000027d6c944422 sp=0x000000f2ab6f8338 mode 2
Event: 32.937 Thread 0x0000027d4f520ed0 Uncommon trap: trap_request=0xffffff45 fr.pc=0x0000027d6cf3f194 relative=0x00000000000001d4
Event: 32.937 Thread 0x0000027d4f520ed0 Uncommon trap: reason=unstable_if action=reinterpret pc=0x0000027d6cf3f194 method=java.lang.ClassLoader.preDefineClass(Ljava/lang/String;Ljava/security/ProtectionDomain;)Ljava/security/ProtectionDomain; @ 46 c2
Event: 32.937 Thread 0x0000027d4f520ed0 DEOPT PACKING pc=0x0000027d6cf3f194 sp=0x000000f2ab6f3d60
Event: 32.937 Thread 0x0000027d4f520ed0 DEOPT UNPACKING pc=0x0000027d6c944422 sp=0x000000f2ab6f3d10 mode 2

Classes loaded (20 events):
Event: 37.673 Loading class java/util/concurrent/locks/ReentrantReadWriteLock
Event: 37.674 Loading class java/util/concurrent/locks/ReadWriteLock
Event: 37.674 Loading class java/util/concurrent/locks/ReadWriteLock done
Event: 37.674 Loading class java/util/concurrent/locks/ReentrantReadWriteLock done
Event: 37.695 Loading class java/util/EventObject
Event: 37.695 Loading class java/util/EventObject done
Event: 37.699 Loading class java/util/concurrent/locks/ReentrantReadWriteLock$NonfairSync
Event: 37.699 Loading class java/util/concurrent/locks/ReentrantReadWriteLock$Sync
Event: 37.700 Loading class java/util/concurrent/locks/ReentrantReadWriteLock$Sync done
Event: 37.700 Loading class java/util/concurrent/locks/ReentrantReadWriteLock$NonfairSync done
Event: 37.700 Loading class java/util/concurrent/locks/ReentrantReadWriteLock$Sync$ThreadLocalHoldCounter
Event: 37.700 Loading class java/util/concurrent/locks/ReentrantReadWriteLock$Sync$ThreadLocalHoldCounter done
Event: 37.700 Loading class java/util/concurrent/locks/ReentrantReadWriteLock$ReadLock
Event: 37.700 Loading class java/util/concurrent/locks/ReentrantReadWriteLock$ReadLock done
Event: 37.700 Loading class java/util/concurrent/locks/ReentrantReadWriteLock$WriteLock
Event: 37.700 Loading class java/util/concurrent/locks/ReentrantReadWriteLock$WriteLock done
Event: 37.879 Loading class java/lang/IllegalAccessError
Event: 37.879 Loading class java/lang/IllegalAccessError done
Event: 37.954 Loading class sun/reflect/generics/reflectiveObjects/GenericArrayTypeImpl
Event: 37.955 Loading class sun/reflect/generics/reflectiveObjects/GenericArrayTypeImpl done

Classes unloaded (0 events):
No events

Classes redefined (0 events):
No events

Internal exceptions (20 events):
Event: 37.714 Thread 0x0000027d4f520ed0 Exception <a 'java/lang/ClassNotFoundException'{0x0000000605b2ab70}: groovy/lang/GroovyObjectSupportBeanInfo> (0x0000000605b2ab70) 
thrown [s\src\hotspot\share\classfile\systemDictionary.cpp, line 313]
Event: 37.714 Thread 0x0000027d4f520ed0 Exception <a 'java/lang/ClassNotFoundException'{0x0000000605b33ae0}: groovy/lang/GroovyObjectSupportCustomizer> (0x0000000605b33ae0) 
thrown [s\src\hotspot\share\classfile\systemDictionary.cpp, line 313]
Event: 37.721 Thread 0x0000027d4f520ed0 Exception <a 'java/lang/ClassNotFoundException'{0x0000000605b40d18}: groovy/lang/BindingCustomizer> (0x0000000605b40d18) 
thrown [s\src\hotspot\share\classfile\systemDictionary.cpp, line 313]
Event: 37.824 Thread 0x0000027d4f520ed0 Exception <a 'java/lang/ClassNotFoundException'{0x0000000605007ed8}: javals_951i71j9b292juun7vnilk184BeanInfo> (0x0000000605007ed8) 
thrown [s\src\hotspot\share\classfile\systemDictionary.cpp, line 313]
Event: 37.825 Thread 0x0000027d4f520ed0 Exception <a 'java/lang/ClassNotFoundException'{0x0000000605010e70}: org/gradle/initialization/InitScriptBeanInfo> (0x0000000605010e70) 
thrown [s\src\hotspot\share\classfile\systemDictionary.cpp, line 313]
Event: 37.825 Thread 0x0000027d4f520ed0 Exception <a 'java/lang/ClassNotFoundException'{0x000000060501a558}: org/gradle/groovy/scripts/DefaultScriptBeanInfo> (0x000000060501a558) 
thrown [s\src\hotspot\share\classfile\systemDictionary.cpp, line 313]
Event: 37.826 Thread 0x0000027d4f520ed0 Exception <a 'java/lang/ClassNotFoundException'{0x0000000605024550}: org/gradle/groovy/scripts/BasicScriptBeanInfo> (0x0000000605024550) 
thrown [s\src\hotspot\share\classfile\systemDictionary.cpp, line 313]
Event: 37.827 Thread 0x0000027d4f520ed0 Exception <a 'java/lang/ClassNotFoundException'{0x000000060502e4e8}: org/gradle/groovy/scripts/ScriptBeanInfo> (0x000000060502e4e8) 
thrown [s\src\hotspot\share\classfile\systemDictionary.cpp, line 313]
Event: 37.828 Thread 0x0000027d4f520ed0 Exception <a 'java/lang/ClassNotFoundException'{0x0000000605038328}: groovy/lang/ScriptBeanInfo> (0x0000000605038328) 
thrown [s\src\hotspot\share\classfile\systemDictionary.cpp, line 313]
Event: 37.828 Thread 0x0000027d4f520ed0 Exception <a 'java/lang/ClassNotFoundException'{0x0000000605042158}: groovy/lang/ScriptCustomizer> (0x0000000605042158) 
thrown [s\src\hotspot\share\classfile\systemDictionary.cpp, line 313]
Event: 37.832 Thread 0x0000027d4f520ed0 Exception <a 'java/lang/ClassNotFoundException'{0x0000000605054ac0}: org/gradle/groovy/scripts/ScriptCustomizer> (0x0000000605054ac0) 
thrown [s\src\hotspot\share\classfile\systemDictionary.cpp, line 313]
Event: 37.835 Thread 0x0000027d4f520ed0 Exception <a 'java/lang/ClassNotFoundException'{0x00000006050658c0}: org/gradle/groovy/scripts/BasicScriptCustomizer> (0x00000006050658c0) 
thrown [s\src\hotspot\share\classfile\systemDictionary.cpp, line 313]
Event: 37.843 Thread 0x0000027d4f520ed0 Exception <a 'java/lang/ClassNotFoundException'{0x000000060507bab8}: org/gradle/groovy/scripts/DefaultScriptCustomizer> (0x000000060507bab8) 
thrown [s\src\hotspot\share\classfile\systemDictionary.cpp, line 313]
Event: 37.856 Thread 0x0000027d4f520ed0 Exception <a 'java/lang/ClassNotFoundException'{0x000000060509e568}: org/gradle/initialization/InitScriptCustomizer> (0x000000060509e568) 
thrown [s\src\hotspot\share\classfile\systemDictionary.cpp, line 313]
Event: 37.860 Thread 0x0000027d4f520ed0 Exception <a 'java/lang/ClassNotFoundException'{0x00000006050ac8b8}: javals_951i71j9b292juun7vnilk184Customizer> (0x00000006050ac8b8) 
thrown [s\src\hotspot\share\classfile\systemDictionary.cpp, line 313]
Event: 37.902 Thread 0x0000027d4f520ed0 Exception <a 'java/lang/ClassNotFoundException'{0x0000000605182598}: org/gradle/internal/extensibility/DefaultExtraPropertiesExtensionBeanInfo> (0x0000000605182598) 
thrown [s\src\hotspot\share\classfile\systemDictionary.cpp, line 313]
Event: 37.903 Thread 0x0000027d4f520ed0 Exception <a 'java/lang/ClassNotFoundException'{0x000000060518bda0}: org/gradle/internal/extensibility/DefaultExtraPropertiesExtensionCustomizer> (0x000000060518bda0) 
thrown [s\src\hotspot\share\classfile\systemDictionary.cpp, line 313]
Event: 37.941 Thread 0x0000027d4f520ed0 Exception <a 'java/lang/ClassNotFoundException'{0x0000000605217678}: groovy/lang/Closure$1BeanInfo> (0x0000000605217678) 
thrown [s\src\hotspot\share\classfile\systemDictionary.cpp, line 313]
Event: 37.944 Thread 0x0000027d4f520ed0 Exception <a 'java/lang/ClassNotFoundException'{0x0000000605224d80}: groovy/lang/ClosureBeanInfo> (0x0000000605224d80) 
thrown [s\src\hotspot\share\classfile\systemDictionary.cpp, line 313]
Event: 37.945 Thread 0x0000027d4f520ed0 Exception <a 'java/lang/ClassNotFoundException'{0x00000006052324c0}: groovy/lang/ClosureCustomizer> (0x00000006052324c0) 
thrown [s\src\hotspot\share\classfile\systemDictionary.cpp, line 313]

ZGC Phase Switch (0 events):
No events

VM Operations (20 events):
Event: 30.571 Executing safepoint VM operation: CollectForMetadataAllocation (Metadata GC Threshold)
Event: 30.580 Executing safepoint VM operation: CollectForMetadataAllocation (Metadata GC Threshold) done
Event: 30.628 Executing safepoint VM operation: G1PauseRemark
Event: 30.640 Executing safepoint VM operation: G1PauseRemark done
Event: 30.654 Executing safepoint VM operation: G1PauseCleanup
Event: 30.667 Executing safepoint VM operation: G1PauseCleanup done
Event: 31.676 Executing safepoint VM operation: Cleanup
Event: 31.740 Executing safepoint VM operation: Cleanup done
Event: 32.753 Executing safepoint VM operation: Cleanup
Event: 32.896 Executing safepoint VM operation: Cleanup done
Event: 33.897 Executing safepoint VM operation: Cleanup
Event: 33.928 Executing safepoint VM operation: Cleanup done
Event: 34.942 Executing safepoint VM operation: Cleanup
Event: 34.975 Executing safepoint VM operation: Cleanup done
Event: 35.899 Executing non-safepoint VM operation: HandshakeAllThreads (Deoptimize)
Event: 35.899 Executing non-safepoint VM operation: HandshakeAllThreads (Deoptimize) done
Event: 36.904 Executing safepoint VM operation: Cleanup
Event: 36.904 Executing safepoint VM operation: Cleanup done
Event: 37.907 Executing safepoint VM operation: Cleanup
Event: 37.908 Executing safepoint VM operation: Cleanup done

Memory protections (0 events):
No events

Nmethod flushes (20 events):
Event: 30.639 Thread 0x0000027d7ef4ca90 flushing  nmethod 0x0000027d5ce1e910
Event: 30.639 Thread 0x0000027d7ef4ca90 flushing  nmethod 0x0000027d5ce20310
Event: 30.639 Thread 0x0000027d7ef4ca90 flushing  nmethod 0x0000027d5ce21710
Event: 30.639 Thread 0x0000027d7ef4ca90 flushing  nmethod 0x0000027d5cea2710
Event: 30.639 Thread 0x0000027d7ef4ca90 flushing  nmethod 0x0000027d5ced4c10
Event: 30.639 Thread 0x0000027d7ef4ca90 flushing  nmethod 0x0000027d5cf1f010
Event: 30.639 Thread 0x0000027d7ef4ca90 flushing  nmethod 0x0000027d5cf24d10
Event: 30.639 Thread 0x0000027d7ef4ca90 flushing  nmethod 0x0000027d5cf26710
Event: 30.639 Thread 0x0000027d7ef4ca90 flushing  nmethod 0x0000027d5cf26e10
Event: 30.639 Thread 0x0000027d7ef4ca90 flushing  nmethod 0x0000027d5cf6d290
Event: 30.639 Thread 0x0000027d7ef4ca90 flushing  nmethod 0x0000027d5cf6dc90
Event: 30.639 Thread 0x0000027d7ef4ca90 flushing  nmethod 0x0000027d5cf6e090
Event: 30.639 Thread 0x0000027d7ef4ca90 flushing  nmethod 0x0000027d5cf6f110
Event: 30.639 Thread 0x0000027d7ef4ca90 flushing  nmethod 0x0000027d5cf6fc90
Event: 30.639 Thread 0x0000027d7ef4ca90 flushing  nmethod 0x0000027d5d028a10
Event: 30.639 Thread 0x0000027d7ef4ca90 flushing  nmethod 0x0000027d5d048e10
Event: 30.639 Thread 0x0000027d7ef4ca90 flushing  nmethod 0x0000027d5d049810
Event: 30.639 Thread 0x0000027d7ef4ca90 flushing  nmethod 0x0000027d5d049d10
Event: 30.639 Thread 0x0000027d7ef4ca90 flushing  nmethod 0x0000027d5d04cb10
Event: 30.639 Thread 0x0000027d7ef4ca90 flushing  nmethod 0x0000027d5d0be190

Events (20 events):
Event: 11.470 Thread 0x0000027d4f473560 Thread added: 0x0000027d7f4fdf60
Event: 11.575 Thread 0x0000027d4f473560 Thread added: 0x0000027d4f4d9640
Event: 11.599 Thread 0x0000027d4f473560 Thread added: 0x0000027d4f520ed0
Event: 11.631 Thread 0x0000027d4f520ed0 Thread added: 0x0000027d4f521560
Event: 11.640 Thread 0x0000027d4f520ed0 Thread added: 0x0000027d4f522910
Event: 11.660 Thread 0x0000027d4f520ed0 Thread added: 0x0000027d4f522280
Event: 13.167 Thread 0x0000027d4f520ed0 Thread added: 0x0000027d4f521bf0
Event: 13.202 Thread 0x0000027d4f520ed0 Thread added: 0x0000027d4f522fa0
Event: 13.505 Thread 0x0000027d4f520ed0 Thread added: 0x0000027d4f523630
Event: 15.736 Thread 0x0000027d4f522fa0 Thread added: 0x0000027d4f4b2590
Event: 17.469 Thread 0x0000027d4f520ed0 Thread added: 0x0000027d4f4b60a0
Event: 17.549 Thread 0x0000027d4f520ed0 Thread added: 0x0000027d4f4b2c20
Event: 18.140 Thread 0x0000027d4f520ed0 Thread added: 0x0000027d4f4b6730
Event: 18.160 Thread 0x0000027d4f520ed0 Thread added: 0x0000027d4f4b32b0
Event: 18.718 Thread 0x0000027d4f520ed0 Thread added: 0x0000027d4f4b5380
Event: 19.343 Thread 0x0000027d4f520ed0 Thread added: 0x0000027d4f4b4cf0
Event: 25.499 Thread 0x0000027d4f520ed0 Thread added: 0x0000027d4f4b5a10
Event: 25.959 Thread 0x0000027d4f520ed0 Thread added: 0x0000027d4f4b4660
Event: 27.555 Thread 0x0000027d4f520ed0 Thread added: 0x0000027d4f4b6dc0
Event: 29.024 Thread 0x0000027d4f520ed0 Thread added: 0x0000027d4f4b3fd0


Dynamic libraries:
0x00007ff62b870000 - 0x00007ff62b87e000 	C:\Users\LENOVO\.vscode\extensions\redhat.java-1.56.0-win32-x64\jre\21.0.12.1-win32-x86_64\bin\java.exe
0x00007ffe90960000 - 0x00007ffe90bc7000 	C:\WINDOWS\SYSTEM32\ntdll.dll
0x00007ffe8f740000 - 0x00007ffe8f80b000 	C:\WINDOWS\System32\KERNEL32.DLL
0x00007ffe8dbf0000 - 0x00007ffe8dff2000 	C:\WINDOWS\System32\KERNELBASE.dll
0x00007ffe8e380000 - 0x00007ffe8e4cc000 	C:\WINDOWS\System32\ucrtbase.dll
0x00007ffe6a860000 - 0x00007ffe6a878000 	C:\Users\LENOVO\.vscode\extensions\redhat.java-1.56.0-win32-x64\jre\21.0.12.1-win32-x86_64\bin\jli.dll
0x00007ffe6c4b0000 - 0x00007ffe6c4ce000 	C:\Users\LENOVO\.vscode\extensions\redhat.java-1.56.0-win32-x64\jre\21.0.12.1-win32-x86_64\bin\VCRUNTIME140.dll
0x00007ffe8e680000 - 0x00007ffe8e84f000 	C:\WINDOWS\System32\USER32.dll
0x00007ffe8e590000 - 0x00007ffe8e5b7000 	C:\WINDOWS\System32\win32u.dll
0x00007ffe8ead0000 - 0x00007ffe8eafb000 	C:\WINDOWS\System32\GDI32.dll
0x00007ffe8e250000 - 0x00007ffe8e379000 	C:\WINDOWS\System32\gdi32full.dll
0x00007ffe8e4e0000 - 0x00007ffe8e583000 	C:\WINDOWS\System32\msvcp_win.dll
0x00007ffe79510000 - 0x00007ffe797a0000 	C:\WINDOWS\WinSxS\amd64_microsoft.windows.common-controls_6595b64144ccf1df_6.0.26100.9278_none_3e0d1ba8e3303201\COMCTL32.dll
0x00007ffe8f690000 - 0x00007ffe8f739000 	C:\WINDOWS\System32\msvcrt.dll
0x00007ffe8eda0000 - 0x00007ffe8edd1000 	C:\WINDOWS\System32\IMM32.DLL
0x00007ffe78670000 - 0x00007ffe7867c000 	C:\Users\LENOVO\.vscode\extensions\redhat.java-1.56.0-win32-x64\jre\21.0.12.1-win32-x86_64\bin\vcruntime140_1.dll
0x00007ffe26dd0000 - 0x00007ffe26e5d000 	C:\Users\LENOVO\.vscode\extensions\redhat.java-1.56.0-win32-x64\jre\21.0.12.1-win32-x86_64\bin\msvcp140.dll
0x00007ffdbfb40000 - 0x00007ffdc08e2000 	C:\Users\LENOVO\.vscode\extensions\redhat.java-1.56.0-win32-x64\jre\21.0.12.1-win32-x86_64\bin\server\jvm.dll
0x00007ffe90540000 - 0x00007ffe905fc000 	C:\WINDOWS\System32\ADVAPI32.dll
0x00007ffe8fd60000 - 0x00007ffe8fe09000 	C:\WINDOWS\System32\sechost.dll
0x00007ffe8eb90000 - 0x00007ffe8eca8000 	C:\WINDOWS\System32\RPCRT4.dll
0x00007ffe8ea40000 - 0x00007ffe8eac0000 	C:\WINDOWS\System32\WS2_32.dll
0x00007ffe87690000 - 0x00007ffe8769b000 	C:\WINDOWS\SYSTEM32\VERSION.dll
0x00007ffe87650000 - 0x00007ffe87686000 	C:\WINDOWS\SYSTEM32\WINMM.dll
0x00007ffe8d9e0000 - 0x00007ffe8da3e000 	C:\WINDOWS\SYSTEM32\POWRPROF.dll
0x00007ffe8d9a0000 - 0x00007ffe8d9b5000 	C:\WINDOWS\SYSTEM32\UMPDC.dll
0x00007ffe8c830000 - 0x00007ffe8c84b000 	C:\WINDOWS\SYSTEM32\kernel.appcore.dll
0x00007ffe71430000 - 0x00007ffe7143a000 	C:\Users\LENOVO\.vscode\extensions\redhat.java-1.56.0-win32-x64\jre\21.0.12.1-win32-x86_64\bin\jimage.dll
0x00007ffe8b1a0000 - 0x00007ffe8b3ec000 	C:\WINDOWS\SYSTEM32\DBGHELP.DLL
0x00007ffe8f810000 - 0x00007ffe8fb95000 	C:\WINDOWS\System32\combase.dll
0x00007ffe8ecb0000 - 0x00007ffe8ed89000 	C:\WINDOWS\System32\OLEAUT32.dll
0x00007ffe6a020000 - 0x00007ffe6a05b000 	C:\WINDOWS\SYSTEM32\dbgcore.DLL
0x00007ffe8e5c0000 - 0x00007ffe8e66c000 	C:\WINDOWS\System32\bcryptPrimitives.dll
0x00007ffe6df20000 - 0x00007ffe6df2f000 	C:\Users\LENOVO\.vscode\extensions\redhat.java-1.56.0-win32-x64\jre\21.0.12.1-win32-x86_64\bin\instrument.dll
0x00007ffe69190000 - 0x00007ffe691b0000 	C:\Users\LENOVO\.vscode\extensions\redhat.java-1.56.0-win32-x64\jre\21.0.12.1-win32-x86_64\bin\java.dll
0x00007ffe8ede0000 - 0x00007ffe8f578000 	C:\WINDOWS\System32\SHELL32.dll
0x00007ffe8b5b0000 - 0x00007ffe8be5e000 	C:\WINDOWS\SYSTEM32\windows.storage.dll
0x00007ffe8f580000 - 0x00007ffe8f67b000 	C:\WINDOWS\System32\SHCORE.dll
0x00007ffe908b0000 - 0x00007ffe90916000 	C:\WINDOWS\System32\shlwapi.dll
0x00007ffe8da80000 - 0x00007ffe8daa9000 	C:\WINDOWS\SYSTEM32\profapi.dll
0x00007ffe5bb50000 - 0x00007ffe5bb68000 	C:\Users\LENOVO\.vscode\extensions\redhat.java-1.56.0-win32-x64\jre\21.0.12.1-win32-x86_64\bin\zip.dll
0x00007ffe6dc20000 - 0x00007ffe6dc30000 	C:\Users\LENOVO\.vscode\extensions\redhat.java-1.56.0-win32-x64\jre\21.0.12.1-win32-x86_64\bin\net.dll
0x00007ffe83ff0000 - 0x00007ffe8411a000 	C:\WINDOWS\SYSTEM32\WINHTTP.dll
0x00007ffe8cdf0000 - 0x00007ffe8ce5c000 	C:\WINDOWS\system32\mswsock.dll
0x00007ffe599f0000 - 0x00007ffe59a06000 	C:\Users\LENOVO\.vscode\extensions\redhat.java-1.56.0-win32-x64\jre\21.0.12.1-win32-x86_64\bin\nio.dll
0x00007ffe6c420000 - 0x00007ffe6c430000 	C:\Users\LENOVO\.vscode\extensions\redhat.java-1.56.0-win32-x64\jre\21.0.12.1-win32-x86_64\bin\verify.dll
0x00007ffe2bbf0000 - 0x00007ffe2bc17000 	C:\Users\LENOVO\.gradle\native\660c5614fbf4a5f2a75b1949f50a0caf5cd603558e7d8a26e50b933a0cfb79d1\windows-amd64\native-platform.dll
0x00007ffe179f0000 - 0x00007ffe17a67000 	C:\Users\LENOVO\.gradle\native\0.2.8\x86_64-windows-gnu\gradle-fileevents.dll
0x00007ffe6df70000 - 0x00007ffe6df7a000 	C:\Users\LENOVO\.vscode\extensions\redhat.java-1.56.0-win32-x64\jre\21.0.12.1-win32-x86_64\bin\management.dll
0x00007ffe6df60000 - 0x00007ffe6df6c000 	C:\Users\LENOVO\.vscode\extensions\redhat.java-1.56.0-win32-x64\jre\21.0.12.1-win32-x86_64\bin\management_ext.dll
0x00007ffe8fed0000 - 0x00007ffe8fed8000 	C:\WINDOWS\System32\PSAPI.DLL
0x00007ffe8c200000 - 0x00007ffe8c233000 	C:\WINDOWS\SYSTEM32\IPHLPAPI.DLL
0x00007ffe8f680000 - 0x00007ffe8f68a000 	C:\WINDOWS\System32\NSI.dll
0x00007ffe6df80000 - 0x00007ffe6df89000 	C:\Users\LENOVO\.vscode\extensions\redhat.java-1.56.0-win32-x64\jre\21.0.12.1-win32-x86_64\bin\extnet.dll
0x00007ffe8d0e0000 - 0x00007ffe8d0fb000 	C:\WINDOWS\SYSTEM32\CRYPTSP.dll
0x00007ffe8c790000 - 0x00007ffe8c7c9000 	C:\WINDOWS\system32\rsaenh.dll
0x00007ffe8cea0000 - 0x00007ffe8ced4000 	C:\WINDOWS\SYSTEM32\USERENV.dll
0x00007ffe8da50000 - 0x00007ffe8da7a000 	C:\WINDOWS\SYSTEM32\bcrypt.dll
0x00007ffe8d100000 - 0x00007ffe8d10c000 	C:\WINDOWS\SYSTEM32\CRYPTBASE.dll
0x00007ffe6df90000 - 0x00007ffe6df9e000 	C:\Users\LENOVO\.vscode\extensions\redhat.java-1.56.0-win32-x64\jre\21.0.12.1-win32-x86_64\bin\sunmscapi.dll
0x00007ffe8e0c0000 - 0x00007ffe8e23e000 	C:\WINDOWS\System32\CRYPT32.dll
0x00007ffe8d320000 - 0x00007ffe8d350000 	C:\WINDOWS\SYSTEM32\ncrypt.dll
0x00007ffe8d2d0000 - 0x00007ffe8d30f000 	C:\WINDOWS\SYSTEM32\NTASN1.dll
0x00007ffe547d0000 - 0x00007ffe547d8000 	C:\WINDOWS\system32\wshunix.dll

JVMTI agents:
C:\Users\LENOVO\.gradle\wrapper\dists\gradle-9.3.1-all\9ot9r568e8zfvvd4mn8rbu1j0\gradle-9.3.1\lib\agents\gradle-instrumentation-agent-9.3.1.jar path:C:\Users\LENOVO\.vscode\extensions\redhat.java-1.56.0-win32-x64\jre\21.0.12.1-win32-x86_64\bin\instrument.dll, loaded, initialized, instrumentlib options:none

dbghelp: loaded successfully - version: 4.0.5 - missing functions: none
symbol engine: initialized successfully - sym options: 0x614 - pdb path: .;C:\Users\LENOVO\.vscode\extensions\redhat.java-1.56.0-win32-x64\jre\21.0.12.1-win32-x86_64\bin;C:\WINDOWS\SYSTEM32;C:\WINDOWS\WinSxS\amd64_microsoft.windows.common-controls_6595b64144ccf1df_6.0.26100.9278_none_3e0d1ba8e3303201;C:\Users\LENOVO\.vscode\extensions\redhat.java-1.56.0-win32-x64\jre\21.0.12.1-win32-x86_64\bin\server;C:\Users\LENOVO\.gradle\native\660c5614fbf4a5f2a75b1949f50a0caf5cd603558e7d8a26e50b933a0cfb79d1\windows-amd64;C:\Users\LENOVO\.gradle\native\0.2.8\x86_64-windows-gnu

VM Arguments:
jvm_args: --add-opens=java.base/java.lang=ALL-UNNAMED --add-opens=java.base/java.lang.invoke=ALL-UNNAMED --add-opens=java.base/java.util=ALL-UNNAMED --add-opens=java.prefs/java.util.prefs=ALL-UNNAMED --add-exports=jdk.compiler/com.sun.tools.javac.api=ALL-UNNAMED --add-exports=jdk.compiler/com.sun.tools.javac.util=ALL-UNNAMED --add-opens=java.base/java.util=ALL-UNNAMED --add-opens=java.prefs/java.util.prefs=ALL-UNNAMED --add-opens=java.base/java.nio.charset=ALL-UNNAMED --add-opens=java.base/java.net=ALL-UNNAMED --add-opens=java.base/java.util.concurrent=ALL-UNNAMED --add-opens=java.base/java.util.concurrent.atomic=ALL-UNNAMED --add-opens=java.xml/javax.xml.namespace=ALL-UNNAMED --add-opens=java.base/java.time=ALL-UNNAMED -XX:MaxMetaspaceSize=4G -XX:ReservedCodeCacheSize=512m -XX:+HeapDumpOnOutOfMemoryError -Xmx8G -Dfile.encoding=UTF-8 -Duser.country=ID -Duser.language=en -Duser.variant -javaagent:C:\Users\LENOVO\.gradle\wrapper\dists\gradle-9.3.1-all\9ot9r568e8zfvvd4mn8rbu1j0\gradle-9.3.1\lib\agents\gradle-instrumentation-agent-9.3.1.jar 
java_command: org.gradle.launcher.daemon.bootstrap.GradleDaemon 9.3.1
java_class_path (initial): C:\Users\LENOVO\.gradle\wrapper\dists\gradle-9.3.1-all\9ot9r568e8zfvvd4mn8rbu1j0\gradle-9.3.1\lib\gradle-daemon-main-9.3.1.jar
Launcher Type: SUN_STANDARD

[Global flags]
     intx CICompilerCount                          = 3                                         {product} {ergonomic}
     uint ConcGCThreads                            = 1                                         {product} {ergonomic}
     uint G1ConcRefinementThreads                  = 4                                         {product} {ergonomic}
   size_t G1HeapRegionSize                         = 4194304                                   {product} {ergonomic}
    uintx GCDrainStackTargetSize                   = 64                                        {product} {ergonomic}
     bool HeapDumpOnOutOfMemoryError               = true                                   {manageable} {command line}
   size_t InitialHeapSize                          = 100663296                                 {product} {ergonomic}
   size_t MarkStackSize                            = 4194304                                   {product} {ergonomic}
   size_t MaxHeapSize                              = 8589934592                                {product} {command line}
   size_t MaxMetaspaceSize                         = 4294967296                                {product} {command line}
   size_t MaxNewSize                               = 5150605312                                {product} {ergonomic}
   size_t MinHeapDeltaBytes                        = 4194304                                   {product} {ergonomic}
   size_t MinHeapSize                              = 8388608                                   {product} {ergonomic}
    uintx NonNMethodCodeHeapSize                   = 5832780                                {pd product} {ergonomic}
    uintx NonProfiledCodeHeapSize                  = 265519066                              {pd product} {ergonomic}
    uintx ProfiledCodeHeapSize                     = 265519066                              {pd product} {ergonomic}
    uintx ReservedCodeCacheSize                    = 536870912                              {pd product} {command line}
     bool SegmentedCodeCache                       = true                                      {product} {ergonomic}
   size_t SoftMaxHeapSize                          = 8589934592                             {manageable} {ergonomic}
     bool UseCompressedOops                        = true                           {product lp64_product} {ergonomic}
     bool UseG1GC                                  = true                                      {product} {ergonomic}
     bool UseLargePagesIndividualAllocation        = false                                  {pd product} {ergonomic}

Logging:
Log output configuration:
 #0: stdout all=warning uptime,level,tags foldmultilines=false
 #1: stderr all=off uptime,level,tags foldmultilines=false

Release file:
JAVA_VERSION="21.0.12.1" 
MODULES="java.base java.compiler java.datatransfer java.xml java.prefs java.desktop java.instrument java.logging java.management java.security.sasl java.naming java.rmi java.management.rmi java.net.http java.scripting java.security.jgss java.transaction.xa java.sql java.sql.rowset java.xml.crypto java.se java.smartcardio jdk.accessibility jdk.internal.jvmstat jdk.attach jdk.charsets jdk.internal.opt jdk.zipfs jdk.compiler jdk.crypto.ec jdk.crypto.cryptoki jdk.crypto.mscapi jdk.dynalink jdk.internal.ed jdk.editpad jdk.hotspot.agent jdk.httpserver jdk.internal.le jdk.internal.vm.ci jdk.internal.vm.compiler jdk.internal.vm.compiler.management jdk.jartool jdk.javadoc jdk.jcmd jdk.management jdk.management.agent jdk.jconsole jdk.jdeps jdk.jdwp.agent jdk.jdi jdk.jfr jdk.jshell jdk.jsobject jdk.jstatd jdk.localedata jdk.management.jfr jdk.naming.dns jdk.naming.rmi jdk.net jdk.nio.mapmode jdk.random jdk.sctp jdk.security.auth jdk.security.jgss jdk.unsupported jdk.unsupported.desktop jdk.xml.dom" 

Environment Variables:
PATH=C:\Program Files\Common Files\Oracle\Java\javapath;C:\WINDOWS\system32;C:\WINDOWS;C:\WINDOWS\System32\Wbem;C:\WINDOWS\System32\WindowsPowerShell\v1.0\;C:\WINDOWS\System32\OpenSSH\;C:\Program Files (x86)\HP\Common\HPDestPlgIn\;C:\Program Files\Git\cmd;D:\laragon\bin\php\php-8.1.10-Win32-vs16-x64;C:\ProgramData\ComposerSetup\bin;C:\Program Files\Docker\Docker\resources\bin;C:\Users\LENOVO\AppData\Local\Microsoft\WindowsApps;C:\Program Files (x86)\HP\Common\HPDestPlgIn\;C:\Program Files\Java\jdk\bin;C:\Users\LENOVO\AppData\Local\Programs\Microsoft VS Code\bin;C:\Users\LENOVO\AppData\Roaming\Composer\vendor\bin;D:\Antigravity\bin;D:\SDK\flutter\flutter_windows_3.47.2-stable\flutter\bin;
USERNAME=LENOVO
OS=Windows_NT
PROCESSOR_IDENTIFIER=AMD64 Family 23 Model 24 Stepping 1, AuthenticAMD
TMP=C:\Users\LENOVO\AppData\Local\Temp
TEMP=C:\Users\LENOVO\AppData\Local\Temp




Periodic native trim disabled

---------------  S Y S T E M  ---------------

OS:
 Windows 11 , 64 bit Build 26100 (10.0.26100.9444)
OS uptime: 1 days 11:36 hours
Hyper-V role detected

CPU: total 4 (initial active 4) (4 cores per cpu, 2 threads per core) family 23 model 24 stepping 1 microcode 0x8108109, cx8, cmov, fxsr, ht, mmx, 3dnowpref, sse, sse2, sse3, ssse3, sse4a, sse4.1, sse4.2, popcnt, lzcnt, tsc, tscinvbit, avx, avx2, aes, clmul, bmi1, bmi2, adx, sha, fma, vzeroupper, clflush, clflushopt, hv, rdtscp, f16c
Processor Information for the first 4 processors :
  Max Mhz: 2600, Current Mhz: 2600, Mhz Limit: 2600

Memory: 4k page, system-wide physical 6020M (77M free)
TotalPageFile size 23038M (AvailPageFile size 3M)
current process WorkingSet (physical memory assigned to process): 194M, peak: 227M
current process commit charge ("private bytes"): 257M, peak: 273M

vm_info: OpenJDK 64-Bit Server VM (21.0.12.1+1-LTS) for windows-amd64 JRE (21.0.12.1+1-LTS), built on 2026-08-18T00:00:00Z by "admin" with MS VC++ 17.12 (VS2022)

END.
