#
# There is insufficient memory for the Java Runtime Environment to continue.
# Native memory allocation (mmap) failed to map 4194304 bytes. Error detail: G1 virtual space
# Possible reasons:
#   The system is out of physical RAM or swap space
#   This process is running with CompressedOops enabled, and the Java Heap may be blocking the growth of the native heap
# Possible solutions:
#   Reduce memory load on the system
#   Increase physical memory or swap space
#   Check if swap backing store is full
#   Decrease Java heap size (-Xmx/-Xms)
#   Decrease number of Java threads
#   Decrease Java thread stack sizes (-Xss)
#   Set larger code cache with -XX:ReservedCodeCacheSize=
#   JVM is running with Zero Based Compressed Oops mode in which the Java heap is
#     placed in the first 32GB address space. The Java Heap base address is the
#     maximum limit for the native heap growth. Please use -XX:HeapBaseMinAddress
#     to set the Java Heap base and to place the Java Heap above 32GB virtual address.
# This output file may be truncated or incomplete.
#
#  Out of Memory Error (os_windows.cpp:3732), pid=8688, tid=4904
#
# JRE version: OpenJDK Runtime Environment Temurin-21.0.12.1+1 (21.0.12.1+1) (build 21.0.12.1+1-LTS)
# Java VM: OpenJDK 64-Bit Server VM Temurin-21.0.12.1+1 (21.0.12.1+1-LTS, mixed mode, sharing, tiered, compressed oops, compressed class ptrs, g1 gc, windows-amd64)
# No core dump will be written. Minidumps are not enabled by default on client versions of Windows
#

---------------  S U M M A R Y ------------

Command Line: --add-opens=java.base/java.lang=ALL-UNNAMED --add-opens=java.base/java.lang.invoke=ALL-UNNAMED --add-opens=java.base/java.util=ALL-UNNAMED --add-opens=java.prefs/java.util.prefs=ALL-UNNAMED --add-exports=jdk.compiler/com.sun.tools.javac.api=ALL-UNNAMED --add-exports=jdk.compiler/com.sun.tools.javac.util=ALL-UNNAMED --add-opens=java.base/java.util=ALL-UNNAMED --add-opens=java.prefs/java.util.prefs=ALL-UNNAMED --add-opens=java.base/java.nio.charset=ALL-UNNAMED --add-opens=java.base/java.net=ALL-UNNAMED --add-opens=java.base/java.util.concurrent=ALL-UNNAMED --add-opens=java.base/java.util.concurrent.atomic=ALL-UNNAMED --add-opens=java.xml/javax.xml.namespace=ALL-UNNAMED --add-opens=java.base/java.time=ALL-UNNAMED -XX:MaxMetaspaceSize=4G -XX:ReservedCodeCacheSize=512m -XX:+HeapDumpOnOutOfMemoryError -Xmx8G -Dfile.encoding=UTF-8 -Duser.country=ID -Duser.language=en -Duser.variant -javaagent:C:\Users\LENOVO\.gradle\wrapper\dists\gradle-9.3.1-all\9ot9r568e8zfvvd4mn8rbu1j0\gradle-9.3.1\lib\agents\gradle-instrumentation-agent-9.3.1.jar org.gradle.launcher.daemon.bootstrap.GradleDaemon 9.3.1

Host: AMD Ryzen 3 3250U with Radeon Graphics         , 4 cores, 5G,  Windows 11 , 64 bit Build 26100 (10.0.26100.9444)
Time: Fri Sep 11 19:49:40 2026 SE Asia Standard Time elapsed time: 75.775293 seconds (0d 0h 1m 15s)

---------------  T H R E A D  ---------------

Current thread (0x000002441e30bad0):  WorkerThread "GC Thread#3"    [id=4904, stack(0x000000fdd5700000,0x000000fdd5800000) (1024K)]

Stack: [0x000000fdd5700000,0x000000fdd5800000]
Native frames: (J=compiled Java code, j=interpreted, Vv=VM code, C=native code)
V  [jvm.dll+0x6d83e9]
V  [jvm.dll+0x8b5736]
V  [jvm.dll+0x8b7cee]
V  [jvm.dll+0x8b83d3]
V  [jvm.dll+0x284596]
V  [jvm.dll+0x6d4d05]
V  [jvm.dll+0x6c898a]
V  [jvm.dll+0x35f2f8]
V  [jvm.dll+0x366f36]
V  [jvm.dll+0x3b7d4f]
V  [jvm.dll+0x3b83e4]
V  [jvm.dll+0x3b84af]
V  [jvm.dll+0x3347ac]
V  [jvm.dll+0x334505]
V  [jvm.dll+0x3231c6]
V  [jvm.dll+0x323fda]
V  [jvm.dll+0x3243c2]
V  [jvm.dll+0x323e3d]
V  [jvm.dll+0x361136]
V  [jvm.dll+0x3614aa]
V  [jvm.dll+0x362593]
V  [jvm.dll+0x3762e4]
V  [jvm.dll+0x376a1a]
V  [jvm.dll+0x376b07]
V  [jvm.dll+0x3779cb]
V  [jvm.dll+0x8e3751]
V  [jvm.dll+0x8600cd]
V  [jvm.dll+0x6d6c1d]
C  [ucrtbase.dll+0x2cd30]
C  [KERNEL32.DLL+0x2cd87]
C  [ntdll.dll+0xacaec]


---------------  P R O C E S S  ---------------

Threads class SMR info:
_java_thread_list=0x00000244209330c0, length=46, elements={
0x00000243a95ccf40, 0x00000243d8b79c40, 0x00000243d8b7d5d0, 0x00000243d8b84f30,
0x00000243d8b86930, 0x00000243d8b87b30, 0x00000243d8b892b0, 0x00000243d8b8bd70,
0x00000243d8b90a00, 0x000002441e20a0e0, 0x000002441e29dbb0, 0x000002441ecb33c0,
0x000002441eb47200, 0x000002441ec5f9d0, 0x000002441facac90, 0x000002441edce500,
0x000002441f989660, 0x000002441f6ec410, 0x000002441f6ede50, 0x000002441f6ed130,
0x000002441f6ee4e0, 0x000002441f6ecaa0, 0x000002441f6ed7c0, 0x000002441f6eb060,
0x0000024421ca3510, 0x0000024421ca5c70, 0x0000024421ca3ba0, 0x0000024421ca6300,
0x0000024421ca4230, 0x0000024421ca4f50, 0x0000024421ca48c0, 0x0000024421ca55e0,
0x000002442075dbe0, 0x000002442075e270, 0x000002442075cec0, 0x0000024420761060,
0x0000024420761d80, 0x000002442075e900, 0x0000024420762410, 0x0000024420762aa0,
0x0000024420763130, 0x00000244207644e0, 0x00000244207637c0, 0x0000024420763e50,
0x00000244200c0d10, 0x00000244200bfff0
}

Java Threads: ( => current thread )
  0x00000243a95ccf40 JavaThread "main"                              [_thread_blocked, id=3396, stack(0x000000fdd4300000,0x000000fdd4400000) (1024K)]
  0x00000243d8b79c40 JavaThread "Reference Handler"          daemon [_thread_blocked, id=19324, stack(0x000000fdd4b00000,0x000000fdd4c00000) (1024K)]
  0x00000243d8b7d5d0 JavaThread "Finalizer"                  daemon [_thread_blocked, id=7516, stack(0x000000fdd4c00000,0x000000fdd4d00000) (1024K)]
  0x00000243d8b84f30 JavaThread "Signal Dispatcher"          daemon [_thread_blocked, id=14084, stack(0x000000fdd4d00000,0x000000fdd4e00000) (1024K)]
  0x00000243d8b86930 JavaThread "Attach Listener"            daemon [_thread_blocked, id=3020, stack(0x000000fdd4e00000,0x000000fdd4f00000) (1024K)]
  0x00000243d8b87b30 JavaThread "Service Thread"             daemon [_thread_blocked, id=14032, stack(0x000000fdd4f00000,0x000000fdd5000000) (1024K)]
  0x00000243d8b892b0 JavaThread "Monitor Deflation Thread"   daemon [_thread_blocked, id=1900, stack(0x000000fdd5000000,0x000000fdd5100000) (1024K)]
  0x00000243d8b8bd70 JavaThread "C2 CompilerThread0"         daemon [_thread_blocked, id=21420, stack(0x000000fdd5100000,0x000000fdd5200000) (1024K)]
  0x00000243d8b90a00 JavaThread "C1 CompilerThread0"         daemon [_thread_blocked, id=18752, stack(0x000000fdd5200000,0x000000fdd5300000) (1024K)]
  0x000002441e20a0e0 JavaThread "Common-Cleaner"             daemon [_thread_blocked, id=25332, stack(0x000000fdd5300000,0x000000fdd5400000) (1024K)]
  0x000002441e29dbb0 JavaThread "Notification Thread"        daemon [_thread_blocked, id=3324, stack(0x000000fdd5400000,0x000000fdd5500000) (1024K)]
  0x000002441ecb33c0 JavaThread "Daemon health stats"               [_thread_blocked, id=16848, stack(0x000000fdd5800000,0x000000fdd5900000) (1024K)]
  0x000002441eb47200 JavaThread "Incoming local TCP Connector on port 50848"        [_thread_in_native, id=12020, stack(0x000000fdd5900000,0x000000fdd5a00000) (1024K)]
  0x000002441ec5f9d0 JavaThread "Daemon periodic checks"            [_thread_blocked, id=3152, stack(0x000000fdd5a00000,0x000000fdd5b00000) (1024K)]
  0x000002441facac90 JavaThread "Daemon"                            [_thread_blocked, id=5684, stack(0x000000fdd5b00000,0x000000fdd5c00000) (1024K)]
  0x000002441edce500 JavaThread "Handler for socket connection from /127.0.0.1:50848 to /127.0.0.1:50849"        [_thread_in_native, id=8712, stack(0x000000fdd5c00000,0x000000fdd5d00000) (1024K)]
  0x000002441f989660 JavaThread "Cancel handler"                    [_thread_blocked, id=12804, stack(0x000000fdd5d00000,0x000000fdd5e00000) (1024K)]
  0x000002441f6ec410 JavaThread "Daemon worker"                     [_thread_blocked, id=23836, stack(0x000000fdd5e00000,0x000000fdd5f00000) (1024K)]
  0x000002441f6ede50 JavaThread "Asynchronous log dispatcher for DefaultDaemonConnection: socket connection from /127.0.0.1:50848 to /127.0.0.1:50849"        [_thread_blocked, id=25536, stack(0x000000fdd5f00000,0x000000fdd6000000) (1024K)]
  0x000002441f6ed130 JavaThread "Stdin handler"                     [_thread_blocked, id=15244, stack(0x000000fdd6000000,0x000000fdd6100000) (1024K)]
  0x000002441f6ee4e0 JavaThread "Daemon client event forwarder"        [_thread_blocked, id=4064, stack(0x000000fdd6100000,0x000000fdd6200000) (1024K)]
  0x000002441f6ecaa0 JavaThread "Cache worker for journal cache (C:\Users\LENOVO\.gradle\caches\journal-1)"        [_thread_blocked, id=17016, stack(0x000000fdd6200000,0x000000fdd6300000) (1024K)]
  0x000002441f6ed7c0 JavaThread "File lock request listener"        [_thread_in_native, id=17808, stack(0x000000fdd6300000,0x000000fdd6400000) (1024K)]
  0x000002441f6eb060 JavaThread "Cache worker for file hash cache (C:\Users\LENOVO\.gradle\caches\9.3.1\fileHashes)"        [_thread_blocked, id=9400, stack(0x000000fdd6400000,0x000000fdd6500000) (1024K)]
  0x0000024421ca3510 JavaThread "Cache worker for file hash cache (D:\sharren\semester5\PemrogramanMobile\244107020191-mobile-course\02-week-2-declarative-ui-responsive-design\responsive_dashboard\android\.gradle\9.3.1\fileHashes)"        [_thread_blocked, id=15984, stack(0x000000fdd6500000,0x000000fdd6600000) (1024K)]
  0x0000024421ca5c70 JavaThread "Cache worker for Build Output Cleanup Cache (D:\sharren\semester5\PemrogramanMobile\244107020191-mobile-course\02-week-2-declarative-ui-responsive-design\responsive_dashboard\android\.gradle\buildOutputCleanup)"        [_thread_blocked, id=24264, stack(0x000000fdd6600000,0x000000fdd6700000) (1024K)]
  0x0000024421ca3ba0 JavaThread "File watcher server"        daemon [_thread_in_native, id=12508, stack(0x000000fdd6700000,0x000000fdd6800000) (1024K)]
  0x0000024421ca6300 JavaThread "File watcher consumer"      daemon [_thread_blocked, id=10468, stack(0x000000fdd6800000,0x000000fdd6900000) (1024K)]
  0x0000024421ca4230 JavaThread "File lock release action executor"        [_thread_blocked, id=16444, stack(0x000000fdd6900000,0x000000fdd6a00000) (1024K)]
  0x0000024421ca4f50 JavaThread "Cache worker for checksums cache (D:\sharren\semester5\PemrogramanMobile\244107020191-mobile-course\02-week-2-declarative-ui-responsive-design\responsive_dashboard\android\.gradle\9.3.1\checksums)"        [_thread_blocked, id=10456, stack(0x000000fdd6a00000,0x000000fdd6b00000) (1024K)]
  0x0000024421ca48c0 JavaThread "Cache worker for file content cache (C:\Users\LENOVO\.gradle\caches\9.3.1\fileContent)"        [_thread_blocked, id=14804, stack(0x000000fdd6b00000,0x000000fdd6c00000) (1024K)]
  0x0000024421ca55e0 JavaThread "Cache worker for cache directory md-supplier (C:\Users\LENOVO\.gradle\caches\9.3.1\md-supplier)"        [_thread_blocked, id=17716, stack(0x000000fdd6c00000,0x000000fdd6d00000) (1024K)]
  0x000002442075dbe0 JavaThread "Cache worker for cache directory md-rule (C:\Users\LENOVO\.gradle\caches\9.3.1\md-rule)"        [_thread_blocked, id=14888, stack(0x000000fdd6d00000,0x000000fdd6e00000) (1024K)]
  0x000002442075e270 JavaThread "jar transforms"                    [_thread_blocked, id=23952, stack(0x000000fdd6e00000,0x000000fdd6f00000) (1024K)]
  0x000002442075cec0 JavaThread "jar transforms Thread 2"           [_thread_blocked, id=8084, stack(0x000000fdd6f00000,0x000000fdd7000000) (1024K)]
  0x0000024420761060 JavaThread "Cache worker for Build Output Cleanup Cache (D:\SDK\flutter\flutter_windows_3.47.2-stable\flutter\packages\flutter_tools\gradle\.gradle\buildOutputCleanup)"        [_thread_blocked, id=22448, stack(0x000000fdd4100000,0x000000fdd4200000) (1024K)]
  0x0000024420761d80 JavaThread "Unconstrained build operations"        [_thread_blocked, id=14820, stack(0x000000fdd7000000,0x000000fdd7100000) (1024K)]
  0x000002442075e900 JavaThread "Unconstrained build operations Thread 2"        [_thread_blocked, id=18120, stack(0x000000fdd7100000,0x000000fdd7200000) (1024K)]
  0x0000024420762410 JavaThread "Unconstrained build operations Thread 3"        [_thread_blocked, id=19012, stack(0x000000fdd7200000,0x000000fdd7300000) (1024K)]
  0x0000024420762aa0 JavaThread "Unconstrained build operations Thread 4"        [_thread_blocked, id=12568, stack(0x000000fdd7300000,0x000000fdd7400000) (1024K)]
  0x0000024420763130 JavaThread "Unconstrained build operations Thread 5"        [_thread_blocked, id=3460, stack(0x000000fdd7400000,0x000000fdd7500000) (1024K)]
  0x00000244207644e0 JavaThread "Unconstrained build operations Thread 6"        [_thread_blocked, id=20840, stack(0x000000fdd7500000,0x000000fdd7600000) (1024K)]
  0x00000244207637c0 JavaThread "Unconstrained build operations Thread 7"        [_thread_blocked, id=6904, stack(0x000000fdd7600000,0x000000fdd7700000) (1024K)]
  0x0000024420763e50 JavaThread "Unconstrained build operations Thread 8"        [_thread_blocked, id=1224, stack(0x000000fdd7700000,0x000000fdd7800000) (1024K)]
  0x00000244200c0d10 JavaThread "Unconstrained build operations Thread 9"        [_thread_blocked, id=12988, stack(0x000000fdd7800000,0x000000fdd7900000) (1024K)]
  0x00000244200bfff0 JavaThread "Memory manager"                    [_thread_blocked, id=4568, stack(0x000000fdd4000000,0x000000fdd4100000) (1024K)]
Total: 46

Other Threads:
  0x00000243d8b5d0f0 VMThread "VM Thread"                           [id=16732, stack(0x000000fdd4a00000,0x000000fdd4b00000) (1024K)]
  0x00000243d8b4b1a0 WatcherThread "VM Periodic Task Thread"        [id=13520, stack(0x000000fdd4900000,0x000000fdd4a00000) (1024K)]
  0x00000243a9678710 WorkerThread "GC Thread#0"                     [id=24832, stack(0x000000fdd4400000,0x000000fdd4500000) (1024K)]
  0x000002441e2c5620 WorkerThread "GC Thread#1"                     [id=22900, stack(0x000000fdd5500000,0x000000fdd5600000) (1024K)]
  0x000002441e2e5ee0 WorkerThread "GC Thread#2"                     [id=12972, stack(0x000000fdd5600000,0x000000fdd5700000) (1024K)]
=>0x000002441e30bad0 WorkerThread "GC Thread#3"                     [id=4904, stack(0x000000fdd5700000,0x000000fdd5800000) (1024K)]
  0x00000243a9689610 ConcurrentGCThread "G1 Main Marker"            [id=23080, stack(0x000000fdd4500000,0x000000fdd4600000) (1024K)]
  0x00000243a968aeb0 WorkerThread "G1 Conc#0"                       [id=5020, stack(0x000000fdd4600000,0x000000fdd4700000) (1024K)]
  0x00000243d8a19ac0 ConcurrentGCThread "G1 Refine#0"               [id=10668, stack(0x000000fdd4700000,0x000000fdd4800000) (1024K)]
  0x00000243d8a1a550 ConcurrentGCThread "G1 Service"                [id=7180, stack(0x000000fdd4800000,0x000000fdd4900000) (1024K)]
Total: 10

Threads with active compile tasks:
Total: 0

VM state: at safepoint (normal execution)

VM Mutex/Monitor currently owned by a thread:  ([mutex/lock_event])
[0x00007ffdc07fd030] FreeList_lock - owner thread: 0x000002441e30bad0
[0x00007ffdc07ff5b0] Threads_lock - owner thread: 0x00000243d8b5d0f0
[0x00007ffdc07ff6b0] Heap_lock - owner thread: 0x000002441f6ec410

Heap address: 0x0000000600000000, size: 8192 MB, Compressed Oops mode: Zero based, Oop shift amount: 3

CDS archive(s) mapped at: [0x00000243d9000000-0x00000243d9ba0000-0x00000243d9ba0000), size 12189696, SharedBaseAddress: 0x00000243d9000000, ArchiveRelocationMode: 1.
Compressed class space mapped at: 0x00000243da000000-0x000002441a000000, reserved size: 1073741824
Narrow klass base: 0x00000243d9000000, Narrow klass shift: 0, Narrow klass range: 0x100000000

GC Precious Log:
 CardTable entry size: 512
 Card Set container configuration: InlinePtr #cards 4 size 8 Array Of Cards #cards 32 size 80 Howl #buckets 8 coarsen threshold 7372 Howl Bitmap #cards 1024 size 144 coarsen threshold 921 Card regions per heap region 1 cards per card region 8192
 CPUs: 4 total, 4 available
 Memory: 6020M
 Large Page Support: Disabled
 NUMA Support: Disabled
 Compressed Oops: Enabled (Zero based)
 Heap Region Size: 4M
 Heap Min Capacity: 8M
 Heap Initial Capacity: 96M
 Heap Max Capacity: 8G
 Pre-touch: Disabled
 Parallel Workers: 4
 Concurrent Workers: 1
 Concurrent Refinement Workers: 4
 Periodic GC: Disabled

Heap:
 garbage-first heap   total 98304K, used 84440K [0x0000000600000000, 0x0000000800000000)
  region size 4096K, 12 young (49152K), 2 survivors (8192K)
 Metaspace       used 55562K, committed 57472K, reserved 1114112K
  class space    used 8277K, committed 9216K, reserved 1048576K

Heap Regions: E=young(eden), S=young(survivor), O=old, HS=humongous(starts), HC=humongous(continues), CS=collection set, F=free, TAMS=top-at-mark-start, PB=parsable bottom
|   0|0x0000000600000000, 0x0000000600400000, 0x0000000600400000|100%|HS|  |TAMS 0x0000000600000000| PB 0x0000000600000000| Complete 
|   1|0x0000000600400000, 0x0000000600800000, 0x0000000600800000|100%| O|  |TAMS 0x0000000600400000| PB 0x0000000600400000| Untracked 
|   2|0x0000000600800000, 0x0000000600c00000, 0x0000000600c00000|100%| O|  |TAMS 0x0000000600800000| PB 0x0000000600800000| Untracked 
|   3|0x0000000600c00000, 0x0000000601000000, 0x0000000601000000|100%| O|  |TAMS 0x0000000600c00000| PB 0x0000000600c00000| Untracked 
|   4|0x0000000601000000, 0x0000000601400000, 0x0000000601400000|100%| O|  |TAMS 0x0000000601000000| PB 0x0000000601000000| Untracked 
|   5|0x0000000601400000, 0x0000000601800000, 0x0000000601800000|100%| O|  |TAMS 0x0000000601400000| PB 0x0000000601400000| Untracked 
|   6|0x0000000601800000, 0x0000000601c00000, 0x0000000601c00000|100%| O|  |TAMS 0x0000000601800000| PB 0x0000000601800000| Untracked 
|   7|0x0000000601c00000, 0x0000000602000000, 0x0000000602000000|100%| O|  |TAMS 0x0000000601c00000| PB 0x0000000601c00000| Untracked 
|   8|0x0000000602000000, 0x0000000602400000, 0x0000000602400000|100%| O|  |TAMS 0x0000000602000000| PB 0x0000000602000000| Untracked 
|   9|0x0000000602400000, 0x0000000602800000, 0x0000000602800000|100%| O|  |TAMS 0x0000000602400000| PB 0x0000000602400000| Untracked 
|  10|0x0000000602800000, 0x000000060293e430, 0x0000000602c00000| 31%| E|CS|TAMS 0x0000000602800000| PB 0x0000000602800000| Complete 
|  11|0x0000000602c00000, 0x0000000603000000, 0x0000000603000000|100%| S|  |TAMS 0x0000000602c00000| PB 0x0000000602c00000| Complete 
|  12|0x0000000603000000, 0x0000000603400000, 0x0000000603400000|100%| E|CS|TAMS 0x0000000603000000| PB 0x0000000603000000| Complete 
|  13|0x0000000603400000, 0x0000000603800000, 0x0000000603800000|100%| S|  |TAMS 0x0000000603400000| PB 0x0000000603400000| Complete 
|  14|0x0000000603800000, 0x0000000603c00000, 0x0000000603c00000|100%| E|CS|TAMS 0x0000000603800000| PB 0x0000000603800000| Complete 
|  15|0x0000000603c00000, 0x0000000604000000, 0x0000000604000000|100%| E|CS|TAMS 0x0000000603c00000| PB 0x0000000603c00000| Complete 
|  16|0x0000000604000000, 0x0000000604400000, 0x0000000604400000|100%| E|CS|TAMS 0x0000000604000000| PB 0x0000000604000000| Complete 
|  17|0x0000000604400000, 0x0000000604800000, 0x0000000604800000|100%| E|CS|TAMS 0x0000000604400000| PB 0x0000000604400000| Complete 
|  18|0x0000000604800000, 0x0000000604c00000, 0x0000000604c00000|100%| E|CS|TAMS 0x0000000604800000| PB 0x0000000604800000| Complete 
|  19|0x0000000604c00000, 0x0000000605000000, 0x0000000605000000|100%| E|CS|TAMS 0x0000000604c00000| PB 0x0000000604c00000| Complete 
|  20|0x0000000605000000, 0x0000000605400000, 0x0000000605400000|100%| E|CS|TAMS 0x0000000605000000| PB 0x0000000605000000| Complete 
|  21|0x0000000605400000, 0x0000000605800000, 0x0000000605800000|100%| E|CS|TAMS 0x0000000605400000| PB 0x0000000605400000| Complete 
|  22|0x0000000605800000, 0x0000000605c00000, 0x0000000605c00000|100%| E|CS|TAMS 0x0000000605800000| PB 0x0000000605800000| Complete 
|  23|0x0000000605c00000, 0x0000000606000000, 0x0000000606000000|100%| E|CS|TAMS 0x0000000605c00000| PB 0x0000000605c00000| Complete 

Card table byte_map: [0x00000243cd8e0000,0x00000243ce8e0000] _byte_map_base: 0x00000243ca8e0000

Marking Bits: (CMBitMap*) 0x00000243a9678d30
 Bits: [0x00000243ce8e0000, 0x00000243d68e0000)

Polling page: 0x00000243a7480000

Metaspace:

Usage:
  Non-class:     46.18 MB used.
      Class:      8.08 MB used.
       Both:     54.26 MB used.

Virtual space:
  Non-class space:       64.00 MB reserved,      47.12 MB ( 74%) committed,  1 nodes.
      Class space:        1.00 GB reserved,       9.00 MB ( <1%) committed,  1 nodes.
             Both:        1.06 GB reserved,      56.12 MB (  5%) committed. 

Chunk freelists:
   Non-Class:  144.00 KB
       Class:  7.00 MB
        Both:  7.14 MB

MaxMetaspaceSize: 4.00 GB
CompressedClassSpaceSize: 1.00 GB
Initial GC threshold: 21.00 MB
Current GC threshold: 58.69 MB
CDS: on
 - commit_granule_bytes: 65536.
 - commit_granule_words: 8192.
 - virtual_space_node_default_size: 8388608.
 - enlarge_chunks_in_place: 1.
 - use_allocation_guard: 0.


Internal statistics:

num_allocs_failed_limit: 6.
num_arena_births: 3600.
num_arena_deaths: 0.
num_vsnodes_births: 2.
num_vsnodes_deaths: 0.
num_space_committed: 898.
num_space_uncommitted: 0.
num_chunks_returned_to_freelist: 6.
num_chunks_taken_from_freelist: 6319.
num_chunk_merges: 3.
num_chunk_splits: 4106.
num_chunks_enlarged: 2553.
num_inconsistent_stats: 0.

CodeHeap 'non-profiled nmethods': size=259264Kb used=3926Kb max_used=3926Kb free=255337Kb
 bounds [0x00000243bcaa0000, 0x00000243bce80000, 0x00000243cc7d0000]
CodeHeap 'profiled nmethods': size=259264Kb used=12721Kb max_used=12721Kb free=246542Kb
 bounds [0x00000243ac7d0000, 0x00000243ad440000, 0x00000243bc500000]
CodeHeap 'non-nmethods': size=5760Kb used=1912Kb max_used=1930Kb free=3847Kb
 bounds [0x00000243bc500000, 0x00000243bc770000, 0x00000243bcaa0000]
CodeCache: size=524288Kb, used=18559Kb, max_used=18577Kb, free=505726Kb
 total_blobs=7401, nmethods=6623, adapters=682, full_count=0
Compilation: enabled, stopped_count=0, restarted_count=0

Compilation events (20 events):
Event: 71.175 Thread 0x00000243d8b90a00 7096       3       sun.net.www.protocol.file.FileURLConnection::<init> (38 bytes)
Event: 71.176 Thread 0x00000243d8b90a00 nmethod 7096 0x00000243ad434d90 code [0x00000243ad434f80, 0x00000243ad435400]
Event: 71.806 Thread 0x00000243d8b90a00 7097       3       kotlin.reflect.jvm.internal.ReflectProperties::lazySoft (14 bytes)
Event: 71.806 Thread 0x00000243d8b90a00 nmethod 7097 0x00000243ad435590 code [0x00000243ad435760, 0x00000243ad435a20]
Event: 71.877 Thread 0x00000243d8b90a00 7098       3       kotlin.LazyKt__LazyJVMKt::lazy (102 bytes)
Event: 71.879 Thread 0x00000243d8b90a00 nmethod 7098 0x00000243ad435b90 code [0x00000243ad435fa0, 0x00000243ad437a30]
Event: 71.898 Thread 0x00000243d8b90a00 7099       3       kotlin.reflect.jvm.internal.ReflectProperties$LazySoftVal::<init> (43 bytes)
Event: 71.899 Thread 0x00000243d8b90a00 nmethod 7099 0x00000243ad438310 code [0x00000243ad438520, 0x00000243ad438d18]
Event: 72.640 Thread 0x00000243d8b90a00 7100       3       kotlin.reflect.jvm.internal.impl.renderer.DescriptorRendererOptionsImpl::property (23 bytes)
Event: 72.640 Thread 0x00000243d8b90a00 nmethod 7100 0x00000243ad438f90 code [0x00000243ad439140, 0x00000243ad439488]
Event: 74.021 Thread 0x00000243d8b90a00 7101       3       java.util.concurrent.ThreadPoolExecutor::workerCountOf (5 bytes)
Event: 74.021 Thread 0x00000243d8b90a00 nmethod 7101 0x00000243ad439610 code [0x00000243ad4397a0, 0x00000243ad439898]
Event: 74.228 Thread 0x00000243d8b90a00 7102       1       org.gradle.launcher.daemon.server.health.gc.GarbageCollectionEvent::getUsage (5 bytes)
Event: 74.228 Thread 0x00000243d8b90a00 nmethod 7102 0x00000243bce75710 code [0x00000243bce758a0, 0x00000243bce75970]
Event: 74.255 Thread 0x00000243d8b90a00 7103       3       java.io.WinNTFileSystem::prefixLength (91 bytes)
Event: 74.256 Thread 0x00000243d8b90a00 nmethod 7103 0x00000243ad439910 code [0x00000243ad439c20, 0x00000243ad43af70]
Event: 74.302 Thread 0x00000243d8b90a00 7104       3       org.gradle.internal.serialize.InputStreamBackedDecoder::readBoolean (8 bytes)
Event: 74.302 Thread 0x00000243d8b90a00 nmethod 7104 0x00000243ad43b610 code [0x00000243ad43b800, 0x00000243ad43bc00]
Event: 74.302 Thread 0x00000243d8b90a00 7105       3       java.io.DataInputStream::readBoolean (13 bytes)
Event: 74.302 Thread 0x00000243d8b90a00 nmethod 7105 0x00000243ad43bd90 code [0x00000243ad43bf60, 0x00000243ad43c2f0]

GC Heap History (20 events):
Event: 17.876 GC heap after
{Heap after GC invocations=5 (full 0):
 garbage-first heap   total 98304K, used 21958K [0x0000000600000000, 0x0000000800000000)
  region size 4096K, 1 young (4096K), 1 survivors (4096K)
 Metaspace       used 16729K, committed 17216K, reserved 1114112K
  class space    used 2320K, committed 2496K, reserved 1048576K
}
Event: 19.415 GC heap before
{Heap before GC invocations=5 (full 0):
 garbage-first heap   total 98304K, used 46534K [0x0000000600000000, 0x0000000800000000)
  region size 4096K, 9 young (36864K), 1 survivors (4096K)
 Metaspace       used 20887K, committed 21504K, reserved 1114112K
  class space    used 2884K, committed 3200K, reserved 1048576K
}
Event: 19.425 GC heap after
{Heap after GC invocations=6 (full 0):
 garbage-first heap   total 98304K, used 23698K [0x0000000600000000, 0x0000000800000000)
  region size 4096K, 2 young (8192K), 2 survivors (8192K)
 Metaspace       used 20887K, committed 21504K, reserved 1114112K
  class space    used 2884K, committed 3200K, reserved 1048576K
}
Event: 22.188 GC heap before
{Heap before GC invocations=7 (full 0):
 garbage-first heap   total 98304K, used 72850K [0x0000000600000000, 0x0000000800000000)
  region size 4096K, 14 young (57344K), 2 survivors (8192K)
 Metaspace       used 27238K, committed 28160K, reserved 1114112K
  class space    used 3909K, committed 4352K, reserved 1048576K
}
Event: 22.202 GC heap after
{Heap after GC invocations=8 (full 0):
 garbage-first heap   total 98304K, used 26613K [0x0000000600000000, 0x0000000800000000)
  region size 4096K, 2 young (8192K), 2 survivors (8192K)
 Metaspace       used 27238K, committed 28160K, reserved 1114112K
  class space    used 3909K, committed 4352K, reserved 1048576K
}
Event: 25.341 GC heap before
{Heap before GC invocations=8 (full 0):
 garbage-first heap   total 98304K, used 75765K [0x0000000600000000, 0x0000000800000000)
  region size 4096K, 14 young (57344K), 2 survivors (8192K)
 Metaspace       used 33567K, committed 34880K, reserved 1114112K
  class space    used 5002K, committed 5632K, reserved 1048576K
}
Event: 25.357 GC heap after
{Heap after GC invocations=9 (full 0):
 garbage-first heap   total 98304K, used 29711K [0x0000000600000000, 0x0000000800000000)
  region size 4096K, 2 young (8192K), 2 survivors (8192K)
 Metaspace       used 33567K, committed 34880K, reserved 1114112K
  class space    used 5002K, committed 5632K, reserved 1048576K
}
Event: 25.528 GC heap before
{Heap before GC invocations=9 (full 0):
 garbage-first heap   total 98304K, used 33807K [0x0000000600000000, 0x0000000800000000)
  region size 4096K, 4 young (16384K), 2 survivors (8192K)
 Metaspace       used 34654K, committed 35968K, reserved 1114112K
  class space    used 5061K, committed 5696K, reserved 1048576K
}
Event: 25.540 GC heap after
{Heap after GC invocations=10 (full 0):
 garbage-first heap   total 98304K, used 30364K [0x0000000600000000, 0x0000000800000000)
  region size 4096K, 1 young (4096K), 1 survivors (4096K)
 Metaspace       used 34654K, committed 35968K, reserved 1114112K
  class space    used 5061K, committed 5696K, reserved 1048576K
}
Event: 27.886 GC heap before
{Heap before GC invocations=11 (full 0):
 garbage-first heap   total 98304K, used 83612K [0x0000000600000000, 0x0000000800000000)
  region size 4096K, 14 young (57344K), 1 survivors (4096K)
 Metaspace       used 38638K, committed 40192K, reserved 1114112K
  class space    used 5628K, committed 6400K, reserved 1048576K
}
Event: 27.898 GC heap after
{Heap after GC invocations=12 (full 0):
 garbage-first heap   total 98304K, used 33937K [0x0000000600000000, 0x0000000800000000)
  region size 4096K, 2 young (8192K), 2 survivors (8192K)
 Metaspace       used 38638K, committed 40192K, reserved 1114112K
  class space    used 5628K, committed 6400K, reserved 1048576K
}
Event: 36.052 GC heap before
{Heap before GC invocations=12 (full 0):
 garbage-first heap   total 98304K, used 83089K [0x0000000600000000, 0x0000000800000000)
  region size 4096K, 14 young (57344K), 2 survivors (8192K)
 Metaspace       used 41702K, committed 43392K, reserved 1114112K
  class space    used 6142K, committed 6976K, reserved 1048576K
}
Event: 36.064 GC heap after
{Heap after GC invocations=13 (full 0):
 garbage-first heap   total 98304K, used 35502K [0x0000000600000000, 0x0000000800000000)
  region size 4096K, 2 young (8192K), 2 survivors (8192K)
 Metaspace       used 41702K, committed 43392K, reserved 1114112K
  class space    used 6142K, committed 6976K, reserved 1048576K
}
Event: 48.963 GC heap before
{Heap before GC invocations=13 (full 0):
 garbage-first heap   total 98304K, used 80558K [0x0000000600000000, 0x0000000800000000)
  region size 4096K, 13 young (53248K), 2 survivors (8192K)
 Metaspace       used 45382K, committed 47168K, reserved 1114112K
  class space    used 6753K, committed 7616K, reserved 1048576K
}
Event: 48.977 GC heap after
{Heap after GC invocations=14 (full 0):
 garbage-first heap   total 98304K, used 38095K [0x0000000600000000, 0x0000000800000000)
  region size 4096K, 2 young (8192K), 2 survivors (8192K)
 Metaspace       used 45382K, committed 47168K, reserved 1114112K
  class space    used 6753K, committed 7616K, reserved 1048576K
}
Event: 56.534 GC heap before
{Heap before GC invocations=14 (full 0):
 garbage-first heap   total 98304K, used 79055K [0x0000000600000000, 0x0000000800000000)
  region size 4096K, 12 young (49152K), 2 survivors (8192K)
 Metaspace       used 49147K, committed 51072K, reserved 1114112K
  class space    used 7319K, committed 8256K, reserved 1048576K
}
Event: 56.556 GC heap after
{Heap after GC invocations=15 (full 0):
 garbage-first heap   total 98304K, used 41429K [0x0000000600000000, 0x0000000800000000)
  region size 4096K, 2 young (8192K), 2 survivors (8192K)
 Metaspace       used 49147K, committed 51072K, reserved 1114112K
  class space    used 7319K, committed 8256K, reserved 1048576K
}
Event: 65.643 GC heap before
{Heap before GC invocations=15 (full 0):
 garbage-first heap   total 98304K, used 82389K [0x0000000600000000, 0x0000000800000000)
  region size 4096K, 12 young (49152K), 2 survivors (8192K)
 Metaspace       used 51793K, committed 53760K, reserved 1114112K
  class space    used 7741K, committed 8704K, reserved 1048576K
}
Event: 65.663 GC heap after
{Heap after GC invocations=16 (full 0):
 garbage-first heap   total 98304K, used 43480K [0x0000000600000000, 0x0000000800000000)
  region size 4096K, 2 young (8192K), 2 survivors (8192K)
 Metaspace       used 51793K, committed 53760K, reserved 1114112K
  class space    used 7741K, committed 8704K, reserved 1048576K
}
Event: 75.758 GC heap before
{Heap before GC invocations=16 (full 0):
 garbage-first heap   total 98304K, used 80344K [0x0000000600000000, 0x0000000800000000)
  region size 4096K, 12 young (49152K), 2 survivors (8192K)
 Metaspace       used 55562K, committed 57472K, reserved 1114112K
  class space    used 8277K, committed 9216K, reserved 1048576K
}

Dll operation events (20 events):
Event: 0.322 Attempting to load shared library C:\Users\LENOVO\.vscode\extensions\redhat.java-1.56.0-win32-x64\jre\21.0.12.1-win32-x86_64\bin\nio.dll
Event: 0.327 Loaded shared library C:\Users\LENOVO\.vscode\extensions\redhat.java-1.56.0-win32-x64\jre\21.0.12.1-win32-x86_64\bin\nio.dll
Event: 0.337 Attempting to load shared library C:\Users\LENOVO\.vscode\extensions\redhat.java-1.56.0-win32-x64\jre\21.0.12.1-win32-x86_64\bin\zip.dll
Event: 0.337 Loaded shared library C:\Users\LENOVO\.vscode\extensions\redhat.java-1.56.0-win32-x64\jre\21.0.12.1-win32-x86_64\bin\zip.dll
Event: 1.888 Attempting to load shared library C:\Users\LENOVO\.vscode\extensions\redhat.java-1.56.0-win32-x64\jre\21.0.12.1-win32-x86_64\bin\jimage.dll
Event: 1.888 Loaded shared library C:\Users\LENOVO\.vscode\extensions\redhat.java-1.56.0-win32-x64\jre\21.0.12.1-win32-x86_64\bin\jimage.dll
Event: 3.269 Attempting to load shared library C:\Users\LENOVO\.vscode\extensions\redhat.java-1.56.0-win32-x64\jre\21.0.12.1-win32-x86_64\bin\verify.dll
Event: 3.277 Loaded shared library C:\Users\LENOVO\.vscode\extensions\redhat.java-1.56.0-win32-x64\jre\21.0.12.1-win32-x86_64\bin\verify.dll
Event: 3.587 Attempting to load shared library C:\Users\LENOVO\.gradle\native\660c5614fbf4a5f2a75b1949f50a0caf5cd603558e7d8a26e50b933a0cfb79d1\windows-amd64\native-platform.dll
Event: 3.681 Loaded shared library C:\Users\LENOVO\.gradle\native\660c5614fbf4a5f2a75b1949f50a0caf5cd603558e7d8a26e50b933a0cfb79d1\windows-amd64\native-platform.dll
Event: 3.754 Attempting to load shared library C:\Users\LENOVO\.gradle\native\0.2.8\x86_64-windows-gnu\gradle-fileevents.dll
Event: 3.764 Loaded shared library C:\Users\LENOVO\.gradle\native\0.2.8\x86_64-windows-gnu\gradle-fileevents.dll
Event: 9.736 Attempting to load shared library C:\Users\LENOVO\.vscode\extensions\redhat.java-1.56.0-win32-x64\jre\21.0.12.1-win32-x86_64\bin\management.dll
Event: 9.739 Loaded shared library C:\Users\LENOVO\.vscode\extensions\redhat.java-1.56.0-win32-x64\jre\21.0.12.1-win32-x86_64\bin\management.dll
Event: 9.751 Attempting to load shared library C:\Users\LENOVO\.vscode\extensions\redhat.java-1.56.0-win32-x64\jre\21.0.12.1-win32-x86_64\bin\management_ext.dll
Event: 9.770 Loaded shared library C:\Users\LENOVO\.vscode\extensions\redhat.java-1.56.0-win32-x64\jre\21.0.12.1-win32-x86_64\bin\management_ext.dll
Event: 13.072 Attempting to load shared library C:\Users\LENOVO\.vscode\extensions\redhat.java-1.56.0-win32-x64\jre\21.0.12.1-win32-x86_64\bin\extnet.dll
Event: 13.077 Loaded shared library C:\Users\LENOVO\.vscode\extensions\redhat.java-1.56.0-win32-x64\jre\21.0.12.1-win32-x86_64\bin\extnet.dll
Event: 14.286 Attempting to load shared library C:\Users\LENOVO\.vscode\extensions\redhat.java-1.56.0-win32-x64\jre\21.0.12.1-win32-x86_64\bin\sunmscapi.dll
Event: 14.304 Loaded shared library C:\Users\LENOVO\.vscode\extensions\redhat.java-1.56.0-win32-x64\jre\21.0.12.1-win32-x86_64\bin\sunmscapi.dll

Deoptimization events (20 events):
Event: 69.643 Thread 0x000002441f6ec410 Uncommon trap: trap_request=0xffffff45 fr.pc=0x00000243bccce0d0 relative=0x00000000000008b0
Event: 69.643 Thread 0x000002441f6ec410 Uncommon trap: reason=unstable_if action=reinterpret pc=0x00000243bccce0d0 method=java.util.jar.JarFile.getEntry(Ljava/lang/String;)Ljava/util/zip/ZipEntry; @ 15 c2
Event: 69.643 Thread 0x000002441f6ec410 DEOPT PACKING pc=0x00000243bccce0d0 sp=0x000000fdd5ef02a0
Event: 69.643 Thread 0x000002441f6ec410 DEOPT UNPACKING pc=0x00000243bc554422 sp=0x000000fdd5ef01c8 mode 2
Event: 69.671 Thread 0x000002441f6ec410 Uncommon trap: trap_request=0xffffffbe fr.pc=0x00000243bce6f054 relative=0x0000000000000354
Event: 69.671 Thread 0x000002441f6ec410 Uncommon trap: reason=profile_predicate action=maybe_recompile pc=0x00000243bce6f054 method=sun.instrument.TransformerManager.transform(Ljava/lang/Module;Ljava/lang/ClassLoader;Ljava/lang/String;Ljava/lang/Class;Ljava/security/ProtectionDomain;[B)[B @ 21 
Event: 69.671 Thread 0x000002441f6ec410 DEOPT PACKING pc=0x00000243bce6f054 sp=0x000000fdd5eeee70
Event: 69.671 Thread 0x000002441f6ec410 DEOPT UNPACKING pc=0x00000243bc554422 sp=0x000000fdd5eeed40 mode 2
Event: 69.676 Thread 0x000002441f6ec410 Uncommon trap: trap_request=0xffffffbe fr.pc=0x00000243bce6f054 relative=0x0000000000000354
Event: 69.676 Thread 0x000002441f6ec410 Uncommon trap: reason=profile_predicate action=maybe_recompile pc=0x00000243bce6f054 method=sun.instrument.TransformerManager.transform(Ljava/lang/Module;Ljava/lang/ClassLoader;Ljava/lang/String;Ljava/lang/Class;Ljava/security/ProtectionDomain;[B)[B @ 21 
Event: 69.676 Thread 0x000002441f6ec410 DEOPT PACKING pc=0x00000243bce6f054 sp=0x000000fdd5eed630
Event: 69.676 Thread 0x000002441f6ec410 DEOPT UNPACKING pc=0x00000243bc554422 sp=0x000000fdd5eed500 mode 2
Event: 69.699 Thread 0x000002441f6ec410 Uncommon trap: trap_request=0xffffffbe fr.pc=0x00000243bce6f054 relative=0x0000000000000354
Event: 69.699 Thread 0x000002441f6ec410 Uncommon trap: reason=profile_predicate action=maybe_recompile pc=0x00000243bce6f054 method=sun.instrument.TransformerManager.transform(Ljava/lang/Module;Ljava/lang/ClassLoader;Ljava/lang/String;Ljava/lang/Class;Ljava/security/ProtectionDomain;[B)[B @ 21 
Event: 69.699 Thread 0x000002441f6ec410 DEOPT PACKING pc=0x00000243bce6f054 sp=0x000000fdd5eeb890
Event: 69.699 Thread 0x000002441f6ec410 DEOPT UNPACKING pc=0x00000243bc554422 sp=0x000000fdd5eeb760 mode 2
Event: 69.714 Thread 0x000002441f6ec410 Uncommon trap: trap_request=0xffffffbe fr.pc=0x00000243bce6f054 relative=0x0000000000000354
Event: 69.714 Thread 0x000002441f6ec410 Uncommon trap: reason=profile_predicate action=maybe_recompile pc=0x00000243bce6f054 method=sun.instrument.TransformerManager.transform(Ljava/lang/Module;Ljava/lang/ClassLoader;Ljava/lang/String;Ljava/lang/Class;Ljava/security/ProtectionDomain;[B)[B @ 21 
Event: 69.714 Thread 0x000002441f6ec410 DEOPT PACKING pc=0x00000243bce6f054 sp=0x000000fdd5eeb940
Event: 69.714 Thread 0x000002441f6ec410 DEOPT UNPACKING pc=0x00000243bc554422 sp=0x000000fdd5eeb810 mode 2

Classes loaded (20 events):
Event: 64.681 Loading class com/sun/org/apache/xerces/internal/utils/XMLSecurityPropertyManager$Property
Event: 64.681 Loading class com/sun/org/apache/xerces/internal/utils/XMLSecurityPropertyManager$Property done
Event: 64.682 Loading class javax/xml/parsers/DocumentBuilderFactory
Event: 64.683 Loading class javax/xml/parsers/DocumentBuilderFactory done
Event: 64.683 Loading class javax/xml/parsers/FactoryFinder
Event: 64.683 Loading class javax/xml/parsers/FactoryFinder done
Event: 64.683 Loading class javax/xml/parsers/FactoryFinder$1
Event: 64.683 Loading class javax/xml/parsers/FactoryFinder$1 done
Event: 64.718 Loading class com/sun/org/apache/xerces/internal/jaxp/DocumentBuilderFactoryImpl
Event: 64.719 Loading class com/sun/org/apache/xerces/internal/jaxp/DocumentBuilderFactoryImpl done
Event: 64.992 Loading class java/util/regex/Pattern$SliceI
Event: 64.993 Loading class java/util/regex/Pattern$SliceI done
Event: 65.706 Loading class java/util/regex/Pattern$Pos
Event: 65.723 Loading class java/util/regex/Pattern$Pos done
Event: 65.755 Loading class java/beans/PropertyChangeListener
Event: 65.756 Loading class java/beans/PropertyChangeListener done
Event: 69.622 Loading class java/util/concurrent/atomic/AtomicIntegerArray
Event: 69.622 Loading class java/util/concurrent/atomic/AtomicIntegerArray done
Event: 69.622 Loading class java/util/concurrent/atomic/AtomicLongArray
Event: 69.622 Loading class java/util/concurrent/atomic/AtomicLongArray done

Classes unloaded (0 events):
No events

Classes redefined (0 events):
No events

Internal exceptions (20 events):
Event: 49.470 Thread 0x000002441f6ec410 Exception <a 'java/lang/NoSuchMethodError'{0x0000000605e07898}: 'java.lang.Object java.lang.invoke.DirectMethodHandle$Holder.newInvokeSpecial(java.lang.Object, int, java.lang.Object)'> (0x0000000605e07898) 
thrown [s\src\hotspot\share\interpreter\linkResolver.cpp, line 773]
Event: 50.493 Thread 0x000002441f6ec410 Exception <a 'java/lang/NoSuchMethodError'{0x00000006056bf2f0}: 'java.lang.Object java.lang.invoke.DirectMethodHandle$Holder.newInvokeSpecial(java.lang.Object, java.lang.Object, java.lang.Object, int)'> (0x00000006056bf2f0) 
thrown [s\src\hotspot\share\interpreter\linkResolver.cpp, line 773]
Event: 50.493 Thread 0x000002441f6ec410 Exception <a 'java/lang/NoSuchMethodError'{0x00000006056c4890}: 'java.lang.Object java.lang.invoke.DirectMethodHandle$Holder.invokeSpecial(java.lang.Object, java.lang.Object, java.lang.Object, java.lang.Object, int)'> (0x00000006056c4890) 
thrown [s\src\hotspot\share\interpreter\linkResolver.cpp, line 773]
Event: 50.493 Thread 0x000002441f6ec410 Exception <a 'java/lang/NoSuchMethodError'{0x00000006056c94e8}: 'java.lang.Object java.lang.invoke.Invokers$Holder.linkToTargetMethod(java.lang.Object, java.lang.Object, int, java.lang.Object)'> (0x00000006056c94e8) 
thrown [s\src\hotspot\share\interpreter\linkResolver.cpp, line 773]
Event: 51.558 Thread 0x000002441f6ec410 Exception <a 'java/lang/NoSuchMethodError'{0x0000000605148508}: 'int java.lang.invoke.DirectMethodHandle$Holder.invokeSpecialIFC(java.lang.Object, java.lang.Object, java.lang.Object)'> (0x0000000605148508) 
thrown [s\src\hotspot\share\interpreter\linkResolver.cpp, line 773]
Event: 52.599 Thread 0x000002441f6ec410 Exception <a 'java/lang/NoSuchMethodError'{0x0000000604e0bfe0}: 'void java.lang.invoke.DirectMethodHandle$Holder.invokeStatic(java.lang.Object, java.lang.Object, java.lang.Object, int, java.lang.Object)'> (0x0000000604e0bfe0) 
thrown [s\src\hotspot\share\interpreter\linkResolver.cpp, line 773]
Event: 53.339 Thread 0x000002441f6ec410 Exception <a 'java/lang/NoSuchMethodError'{0x0000000604fe6e48}: 'int java.lang.invoke.DirectMethodHandle$Holder.invokeInterface(java.lang.Object, java.lang.Object, java.lang.Object, java.lang.Object, java.lang.Object)'> (0x0000000604fe6e48) 
thrown [s\src\hotspot\share\interpreter\linkResolver.cpp, line 773]
Event: 53.577 Thread 0x000002441f6ec410 Exception <a 'java/lang/NoSuchMethodError'{0x0000000604acb5b0}: 'java.lang.Object java.lang.invoke.DirectMethodHandle$Holder.invokeSpecial(java.lang.Object, java.lang.Object, long, java.lang.Object, java.lang.Object)'> (0x0000000604acb5b0) 
thrown [s\src\hotspot\share\interpreter\linkResolver.cpp, line 773]
Event: 55.134 Thread 0x000002441f6ec410 Exception <a 'java/lang/IncompatibleClassChangeError'{0x00000006041018f0}: Found class java.lang.Object, but interface was expected> (0x00000006041018f0) 
thrown [s\src\hotspot\share\interpreter\linkResolver.cpp, line 840]
Event: 55.274 Thread 0x0000024420762410 Exception <a 'java/lang/NoSuchMethodError'{0x00000006042a0718}: 'void java.lang.invoke.DirectMethodHandle$Holder.invokeVirtual(java.lang.Object, java.lang.Object)'> (0x00000006042a0718) 
thrown [s\src\hotspot\share\interpreter\linkResolver.cpp, line 773]
Event: 55.478 Thread 0x000002441f6ec410 Exception <a 'java/lang/NoSuchMethodError'{0x0000000603c94c88}: 'java.lang.Object java.lang.invoke.DirectMethodHandle$Holder.newInvokeSpecial(java.lang.Object, java.lang.Object, java.lang.Object, java.lang.Object, int, java.lang.Object)'> (0x0000000603c94c88) 
thrown [s\src\hotspot\share\interpreter\linkResolver.cpp, line 773]
Event: 55.479 Thread 0x000002441f6ec410 Exception <a 'java/lang/NoSuchMethodError'{0x0000000603c9a438}: 'java.lang.Object java.lang.invoke.DirectMethodHandle$Holder.invokeSpecial(java.lang.Object, java.lang.Object, java.lang.Object, java.lang.Object, java.lang.Object, int, java.lang.Object)'> (0x0000000603c9a438) 
thrown [s\src\hotspot\share\interpreter\linkResolver.cpp, line 773]
Event: 55.479 Thread 0x000002441f6ec410 Exception <a 'java/lang/NoSuchMethodError'{0x0000000603c9f270}: 'java.lang.Object java.lang.invoke.Invokers$Holder.linkToTargetMethod(java.lang.Object, java.lang.Object, java.lang.Object, int, java.lang.Object, java.lang.Object)'> (0x0000000603c9f270) 
thrown [s\src\hotspot\share\interpreter\linkResolver.cpp, line 773]
Event: 56.831 Thread 0x000002441f6ec410 Exception <a 'java/lang/NoSuchMethodError'{0x0000000605dd5970}: 'java.lang.Object java.lang.invoke.DirectMethodHandle$Holder.invokeSpecialIFC(java.lang.Object, java.lang.Object, java.lang.Object)'> (0x0000000605dd5970) 
thrown [s\src\hotspot\share\interpreter\linkResolver.cpp, line 773]
Event: 64.817 Thread 0x000002441f6ec410 Exception <a 'java/lang/NoSuchMethodError'{0x000000060477b348}: 'java.lang.Object java.lang.invoke.DirectMethodHandle$Holder.newInvokeSpecial(java.lang.Object, java.lang.Object, java.lang.Object, java.lang.Object, java.lang.Object, java.lang.Object, java.lang.Object, java.lang.Object, java.lang.Object, java.lang.Object, java.lang.Object, java.lang.Object, java.lang.Object, java.lang.Object, java.lang.Object, java.lang.Object)'> (0x000000060477b348) 
thrown [s\src\hotspot\share\interpreter\linkResolver.cpp,
Event: 64.820 Thread 0x000002441f6ec410 Exception <a 'java/lang/NoSuchMethodError'{0x0000000604782908}: 'java.lang.Object java.lang.invoke.DirectMethodHandle$Holder.invokeSpecial(java.lang.Object, java.lang.Object, java.lang.Object, java.lang.Object, java.lang.Object, java.lang.Object, java.lang.Object, java.lang.Object, java.lang.Object, java.lang.Object, java.lang.Object, java.lang.Object, java.lang.Object, java.lang.Object, java.lang.Object, java.lang.Object, java.lang.Object)'> (0x0000000604782908) 
thrown [s\src\hotspot\share\interpreter\li
Event: 64.820 Thread 0x000002441f6ec410 Exception <a 'java/lang/NoSuchMethodError'{0x0000000604788cf8}: 'java.lang.Object java.lang.invoke.DelegatingMethodHandle$Holder.reinvoke_L(java.lang.Object, java.lang.Object, java.lang.Object, java.lang.Object, java.lang.Object, java.lang.Object, java.lang.Object, java.lang.Object, java.lang.Object, java.lang.Object, java.lang.Object, java.lang.Object, java.lang.Object, java.lang.Object, java.lang.Object, java.lang.Object)'> (0x0000000604788cf8) 
thrown [s\src\hotspot\share\interpreter\linkResolver.cpp, l
Event: 65.915 Thread 0x000002441f6ec410 Exception <a 'java/lang/IncompatibleClassChangeError'{0x0000000605810d30}: Found class java.lang.Object, but interface was expected> (0x0000000605810d30) 
thrown [s\src\hotspot\share\interpreter\linkResolver.cpp, line 840]
Event: 65.919 Thread 0x000002441f6ec410 Exception <a 'java/lang/IncompatibleClassChangeError'{0x0000000605836210}: Found class java.lang.Object, but interface was expected> (0x0000000605836210) 
thrown [s\src\hotspot\share\interpreter\linkResolver.cpp, line 840]
Event: 65.923 Thread 0x000002441f6ec410 Exception <a 'java/lang/IncompatibleClassChangeError'{0x000000060583aa38}: Found class java.lang.Object, but interface was expected> (0x000000060583aa38) 
thrown [s\src\hotspot\share\interpreter\linkResolver.cpp, line 840]

ZGC Phase Switch (0 events):
No events

VM Operations (20 events):
Event: 64.898 Executing non-safepoint VM operation: HandshakeAllThreads (Deoptimize) done
Event: 65.643 Executing safepoint VM operation: G1CollectForAllocation (G1 Evacuation Pause)
Event: 65.663 Executing safepoint VM operation: G1CollectForAllocation (G1 Evacuation Pause) done
Event: 66.670 Executing safepoint VM operation: Cleanup
Event: 66.736 Executing safepoint VM operation: Cleanup done
Event: 67.740 Executing safepoint VM operation: Cleanup
Event: 67.740 Executing safepoint VM operation: Cleanup done
Event: 68.742 Executing safepoint VM operation: Cleanup
Event: 68.759 Executing safepoint VM operation: Cleanup done
Event: 69.769 Executing safepoint VM operation: Cleanup
Event: 69.769 Executing safepoint VM operation: Cleanup done
Event: 70.778 Executing safepoint VM operation: Cleanup
Event: 70.951 Executing safepoint VM operation: Cleanup done
Event: 71.963 Executing safepoint VM operation: Cleanup
Event: 71.963 Executing safepoint VM operation: Cleanup done
Event: 73.990 Executing safepoint VM operation: Cleanup
Event: 74.020 Executing safepoint VM operation: Cleanup done
Event: 75.030 Executing safepoint VM operation: Cleanup
Event: 75.046 Executing safepoint VM operation: Cleanup done
Event: 75.758 Executing safepoint VM operation: G1CollectForAllocation (G1 Evacuation Pause)

Memory protections (0 events):
No events

Nmethod flushes (20 events):
Event: 25.612 Thread 0x00000243d8b5d0f0 flushing  nmethod 0x00000243aca17010
Event: 25.612 Thread 0x00000243d8b5d0f0 flushing  nmethod 0x00000243aca17390
Event: 25.612 Thread 0x00000243d8b5d0f0 flushing  nmethod 0x00000243aca18210
Event: 25.612 Thread 0x00000243d8b5d0f0 flushing  nmethod 0x00000243aca19a10
Event: 25.612 Thread 0x00000243d8b5d0f0 flushing  nmethod 0x00000243aca1ba90
Event: 25.612 Thread 0x00000243d8b5d0f0 flushing  nmethod 0x00000243aca1be10
Event: 25.612 Thread 0x00000243d8b5d0f0 flushing  nmethod 0x00000243aca1f010
Event: 25.612 Thread 0x00000243d8b5d0f0 flushing  nmethod 0x00000243aca22f90
Event: 25.612 Thread 0x00000243d8b5d0f0 flushing  nmethod 0x00000243aca26790
Event: 25.612 Thread 0x00000243d8b5d0f0 flushing  nmethod 0x00000243aca28490
Event: 25.612 Thread 0x00000243d8b5d0f0 flushing  nmethod 0x00000243aca5fd10
Event: 25.612 Thread 0x00000243d8b5d0f0 flushing  nmethod 0x00000243aca60490
Event: 25.612 Thread 0x00000243d8b5d0f0 flushing  nmethod 0x00000243aca7ca10
Event: 25.612 Thread 0x00000243d8b5d0f0 flushing  nmethod 0x00000243aca7d210
Event: 25.612 Thread 0x00000243d8b5d0f0 flushing  nmethod 0x00000243aca80c10
Event: 25.612 Thread 0x00000243d8b5d0f0 flushing  nmethod 0x00000243acb9c590
Event: 25.612 Thread 0x00000243d8b5d0f0 flushing  nmethod 0x00000243acbf7690
Event: 25.612 Thread 0x00000243d8b5d0f0 flushing  nmethod 0x00000243acc29690
Event: 25.612 Thread 0x00000243d8b5d0f0 flushing  nmethod 0x00000243acc2c710
Event: 25.612 Thread 0x00000243d8b5d0f0 flushing  nmethod 0x00000243acc2d910

Events (20 events):
Event: 21.869 Thread 0x000002441f6ec410 Thread added: 0x0000024421ca3ba0
Event: 21.881 Thread 0x000002441f6ec410 Thread added: 0x0000024421ca6300
Event: 22.095 Thread 0x000002441f6ed7c0 Thread added: 0x0000024421ca4230
Event: 22.449 Thread 0x000002441f6ec410 Thread added: 0x0000024421ca4f50
Event: 23.141 Thread 0x000002441f6ec410 Thread added: 0x0000024421ca48c0
Event: 23.991 Thread 0x000002441f6ec410 Thread added: 0x0000024421ca55e0
Event: 24.253 Thread 0x000002441f6ec410 Thread added: 0x000002442075dbe0
Event: 24.946 Thread 0x000002441f6ec410 Thread added: 0x000002442075e270
Event: 25.094 Thread 0x000002441f6ec410 Thread added: 0x000002442075cec0
Event: 35.849 Thread 0x000002441f6ec410 Thread added: 0x0000024420761060
Event: 55.234 Thread 0x000002441f6ec410 Thread added: 0x0000024420761d80
Event: 55.239 Thread 0x000002441f6ec410 Thread added: 0x000002442075e900
Event: 55.240 Thread 0x000002441f6ec410 Thread added: 0x0000024420762410
Event: 55.581 Thread 0x000002441f6ec410 Thread added: 0x0000024420762aa0
Event: 55.591 Thread 0x000002441f6ec410 Thread added: 0x0000024420763130
Event: 55.593 Thread 0x000002441f6ec410 Thread added: 0x00000244207644e0
Event: 56.835 Thread 0x000002441f6ec410 Thread added: 0x00000244207637c0
Event: 56.837 Thread 0x000002441f6ec410 Thread added: 0x0000024420763e50
Event: 56.842 Thread 0x000002441f6ec410 Thread added: 0x00000244200c0d10
Event: 65.090 Thread 0x000002441f6ec410 Thread added: 0x00000244200bfff0


Dynamic libraries:
0x00007ff62b870000 - 0x00007ff62b87e000 	C:\Users\LENOVO\.vscode\extensions\redhat.java-1.56.0-win32-x64\jre\21.0.12.1-win32-x86_64\bin\java.exe
0x00007ffe90960000 - 0x00007ffe90bc7000 	C:\WINDOWS\SYSTEM32\ntdll.dll
0x00007ffe8f740000 - 0x00007ffe8f80b000 	C:\WINDOWS\System32\KERNEL32.DLL
0x00007ffe8dbf0000 - 0x00007ffe8dff2000 	C:\WINDOWS\System32\KERNELBASE.dll
0x00007ffe8e380000 - 0x00007ffe8e4cc000 	C:\WINDOWS\System32\ucrtbase.dll
0x00007ffe6a860000 - 0x00007ffe6a878000 	C:\Users\LENOVO\.vscode\extensions\redhat.java-1.56.0-win32-x64\jre\21.0.12.1-win32-x86_64\bin\jli.dll
0x00007ffe8e680000 - 0x00007ffe8e84f000 	C:\WINDOWS\System32\USER32.dll
0x00007ffe8e590000 - 0x00007ffe8e5b7000 	C:\WINDOWS\System32\win32u.dll
0x00007ffe8ead0000 - 0x00007ffe8eafb000 	C:\WINDOWS\System32\GDI32.dll
0x00007ffe8e250000 - 0x00007ffe8e379000 	C:\WINDOWS\System32\gdi32full.dll
0x00007ffe8e4e0000 - 0x00007ffe8e583000 	C:\WINDOWS\System32\msvcp_win.dll
0x00007ffe6c4b0000 - 0x00007ffe6c4ce000 	C:\Users\LENOVO\.vscode\extensions\redhat.java-1.56.0-win32-x64\jre\21.0.12.1-win32-x86_64\bin\VCRUNTIME140.dll
0x00007ffe79510000 - 0x00007ffe797a0000 	C:\WINDOWS\WinSxS\amd64_microsoft.windows.common-controls_6595b64144ccf1df_6.0.26100.9278_none_3e0d1ba8e3303201\COMCTL32.dll
0x00007ffe8f690000 - 0x00007ffe8f739000 	C:\WINDOWS\System32\msvcrt.dll
0x00007ffe8eda0000 - 0x00007ffe8edd1000 	C:\WINDOWS\System32\IMM32.DLL
0x00007ffe78670000 - 0x00007ffe7867c000 	C:\Users\LENOVO\.vscode\extensions\redhat.java-1.56.0-win32-x64\jre\21.0.12.1-win32-x86_64\bin\vcruntime140_1.dll
0x00007ffe26dd0000 - 0x00007ffe26e5d000 	C:\Users\LENOVO\.vscode\extensions\redhat.java-1.56.0-win32-x64\jre\21.0.12.1-win32-x86_64\bin\msvcp140.dll
0x00007ffdbfb40000 - 0x00007ffdc08e2000 	C:\Users\LENOVO\.vscode\extensions\redhat.java-1.56.0-win32-x64\jre\21.0.12.1-win32-x86_64\bin\server\jvm.dll
0x00007ffe90540000 - 0x00007ffe905fc000 	C:\WINDOWS\System32\ADVAPI32.dll
0x00007ffe8fd60000 - 0x00007ffe8fe09000 	C:\WINDOWS\System32\sechost.dll
0x00007ffe8eb90000 - 0x00007ffe8eca8000 	C:\WINDOWS\System32\RPCRT4.dll
0x00007ffe8ea40000 - 0x00007ffe8eac0000 	C:\WINDOWS\System32\WS2_32.dll
0x00007ffe8d9e0000 - 0x00007ffe8da3e000 	C:\WINDOWS\SYSTEM32\POWRPROF.dll
0x00007ffe87690000 - 0x00007ffe8769b000 	C:\WINDOWS\SYSTEM32\VERSION.dll
0x00007ffe87650000 - 0x00007ffe87686000 	C:\WINDOWS\SYSTEM32\WINMM.dll
0x00007ffe8d9a0000 - 0x00007ffe8d9b5000 	C:\WINDOWS\SYSTEM32\UMPDC.dll
0x00007ffe8c830000 - 0x00007ffe8c84b000 	C:\WINDOWS\SYSTEM32\kernel.appcore.dll
0x00007ffe71430000 - 0x00007ffe7143a000 	C:\Users\LENOVO\.vscode\extensions\redhat.java-1.56.0-win32-x64\jre\21.0.12.1-win32-x86_64\bin\jimage.dll
0x00007ffe8b1a0000 - 0x00007ffe8b3ec000 	C:\WINDOWS\SYSTEM32\DBGHELP.DLL
0x00007ffe8f810000 - 0x00007ffe8fb95000 	C:\WINDOWS\System32\combase.dll
0x00007ffe8ecb0000 - 0x00007ffe8ed89000 	C:\WINDOWS\System32\OLEAUT32.dll
0x00007ffe6a020000 - 0x00007ffe6a05b000 	C:\WINDOWS\SYSTEM32\dbgcore.DLL
0x00007ffe8e5c0000 - 0x00007ffe8e66c000 	C:\WINDOWS\System32\bcryptPrimitives.dll
0x00007ffe6df20000 - 0x00007ffe6df2f000 	C:\Users\LENOVO\.vscode\extensions\redhat.java-1.56.0-win32-x64\jre\21.0.12.1-win32-x86_64\bin\instrument.dll
0x00007ffe69190000 - 0x00007ffe691b0000 	C:\Users\LENOVO\.vscode\extensions\redhat.java-1.56.0-win32-x64\jre\21.0.12.1-win32-x86_64\bin\java.dll
0x00007ffe8ede0000 - 0x00007ffe8f578000 	C:\WINDOWS\System32\SHELL32.dll
0x00007ffe8b5b0000 - 0x00007ffe8be5e000 	C:\WINDOWS\SYSTEM32\windows.storage.dll
0x00007ffe8f580000 - 0x00007ffe8f67b000 	C:\WINDOWS\System32\SHCORE.dll
0x00007ffe908b0000 - 0x00007ffe90916000 	C:\WINDOWS\System32\shlwapi.dll
0x00007ffe8da80000 - 0x00007ffe8daa9000 	C:\WINDOWS\SYSTEM32\profapi.dll
0x00007ffe5bb50000 - 0x00007ffe5bb68000 	C:\Users\LENOVO\.vscode\extensions\redhat.java-1.56.0-win32-x64\jre\21.0.12.1-win32-x86_64\bin\zip.dll
0x00007ffe6dc20000 - 0x00007ffe6dc30000 	C:\Users\LENOVO\.vscode\extensions\redhat.java-1.56.0-win32-x64\jre\21.0.12.1-win32-x86_64\bin\net.dll
0x00007ffe83ff0000 - 0x00007ffe8411a000 	C:\WINDOWS\SYSTEM32\WINHTTP.dll
0x00007ffe8cdf0000 - 0x00007ffe8ce5c000 	C:\WINDOWS\system32\mswsock.dll
0x00007ffe599f0000 - 0x00007ffe59a06000 	C:\Users\LENOVO\.vscode\extensions\redhat.java-1.56.0-win32-x64\jre\21.0.12.1-win32-x86_64\bin\nio.dll
0x00007ffe6c420000 - 0x00007ffe6c430000 	C:\Users\LENOVO\.vscode\extensions\redhat.java-1.56.0-win32-x64\jre\21.0.12.1-win32-x86_64\bin\verify.dll
0x00007ffe2bbf0000 - 0x00007ffe2bc17000 	C:\Users\LENOVO\.gradle\native\660c5614fbf4a5f2a75b1949f50a0caf5cd603558e7d8a26e50b933a0cfb79d1\windows-amd64\native-platform.dll
0x00007ffe179f0000 - 0x00007ffe17a67000 	C:\Users\LENOVO\.gradle\native\0.2.8\x86_64-windows-gnu\gradle-fileevents.dll
0x00007ffe6df70000 - 0x00007ffe6df7a000 	C:\Users\LENOVO\.vscode\extensions\redhat.java-1.56.0-win32-x64\jre\21.0.12.1-win32-x86_64\bin\management.dll
0x00007ffe6df60000 - 0x00007ffe6df6c000 	C:\Users\LENOVO\.vscode\extensions\redhat.java-1.56.0-win32-x64\jre\21.0.12.1-win32-x86_64\bin\management_ext.dll
0x00007ffe8fed0000 - 0x00007ffe8fed8000 	C:\WINDOWS\System32\PSAPI.DLL
0x00007ffe8c200000 - 0x00007ffe8c233000 	C:\WINDOWS\SYSTEM32\IPHLPAPI.DLL
0x00007ffe8f680000 - 0x00007ffe8f68a000 	C:\WINDOWS\System32\NSI.dll
0x00007ffe6df80000 - 0x00007ffe6df89000 	C:\Users\LENOVO\.vscode\extensions\redhat.java-1.56.0-win32-x64\jre\21.0.12.1-win32-x86_64\bin\extnet.dll
0x00007ffe8d0e0000 - 0x00007ffe8d0fb000 	C:\WINDOWS\SYSTEM32\CRYPTSP.dll
0x00007ffe8c790000 - 0x00007ffe8c7c9000 	C:\WINDOWS\system32\rsaenh.dll
0x00007ffe8cea0000 - 0x00007ffe8ced4000 	C:\WINDOWS\SYSTEM32\USERENV.dll
0x00007ffe8da50000 - 0x00007ffe8da7a000 	C:\WINDOWS\SYSTEM32\bcrypt.dll
0x00007ffe8d100000 - 0x00007ffe8d10c000 	C:\WINDOWS\SYSTEM32\CRYPTBASE.dll
0x00007ffe6df90000 - 0x00007ffe6df9e000 	C:\Users\LENOVO\.vscode\extensions\redhat.java-1.56.0-win32-x64\jre\21.0.12.1-win32-x86_64\bin\sunmscapi.dll
0x00007ffe8e0c0000 - 0x00007ffe8e23e000 	C:\WINDOWS\System32\CRYPT32.dll
0x00007ffe8d320000 - 0x00007ffe8d350000 	C:\WINDOWS\SYSTEM32\ncrypt.dll
0x00007ffe8d2d0000 - 0x00007ffe8d30f000 	C:\WINDOWS\SYSTEM32\NTASN1.dll
0x00007ffe547d0000 - 0x00007ffe547d8000 	C:\WINDOWS\system32\wshunix.dll

JVMTI agents:
C:\Users\LENOVO\.gradle\wrapper\dists\gradle-9.3.1-all\9ot9r568e8zfvvd4mn8rbu1j0\gradle-9.3.1\lib\agents\gradle-instrumentation-agent-9.3.1.jar path:C:\Users\LENOVO\.vscode\extensions\redhat.java-1.56.0-win32-x64\jre\21.0.12.1-win32-x86_64\bin\instrument.dll, loaded, initialized, instrumentlib options:none

dbghelp: loaded successfully - version: 4.0.5 - missing functions: none
symbol engine: initialized successfully - sym options: 0x614 - pdb path: .;C:\Users\LENOVO\.vscode\extensions\redhat.java-1.56.0-win32-x64\jre\21.0.12.1-win32-x86_64\bin;C:\WINDOWS\SYSTEM32;C:\WINDOWS\WinSxS\amd64_microsoft.windows.common-controls_6595b64144ccf1df_6.0.26100.9278_none_3e0d1ba8e3303201;C:\Users\LENOVO\.vscode\extensions\redhat.java-1.56.0-win32-x64\jre\21.0.12.1-win32-x86_64\bin\server;C:\Users\LENOVO\.gradle\native\660c5614fbf4a5f2a75b1949f50a0caf5cd603558e7d8a26e50b933a0cfb79d1\windows-amd64;C:\Users\LENOVO\.gradle\native\0.2.8\x86_64-windows-gnu

VM Arguments:
jvm_args: --add-opens=java.base/java.lang=ALL-UNNAMED --add-opens=java.base/java.lang.invoke=ALL-UNNAMED --add-opens=java.base/java.util=ALL-UNNAMED --add-opens=java.prefs/java.util.prefs=ALL-UNNAMED --add-exports=jdk.compiler/com.sun.tools.javac.api=ALL-UNNAMED --add-exports=jdk.compiler/com.sun.tools.javac.util=ALL-UNNAMED --add-opens=java.base/java.util=ALL-UNNAMED --add-opens=java.prefs/java.util.prefs=ALL-UNNAMED --add-opens=java.base/java.nio.charset=ALL-UNNAMED --add-opens=java.base/java.net=ALL-UNNAMED --add-opens=java.base/java.util.concurrent=ALL-UNNAMED --add-opens=java.base/java.util.concurrent.atomic=ALL-UNNAMED --add-opens=java.xml/javax.xml.namespace=ALL-UNNAMED --add-opens=java.base/java.time=ALL-UNNAMED -XX:MaxMetaspaceSize=4G -XX:ReservedCodeCacheSize=512m -XX:+HeapDumpOnOutOfMemoryError -Xmx8G -Dfile.encoding=UTF-8 -Duser.country=ID -Duser.language=en -Duser.variant -javaagent:C:\Users\LENOVO\.gradle\wrapper\dists\gradle-9.3.1-all\9ot9r568e8zfvvd4mn8rbu1j0\gradle-9.3.1\lib\agents\gradle-instrumentation-agent-9.3.1.jar 
java_command: org.gradle.launcher.daemon.bootstrap.GradleDaemon 9.3.1
java_class_path (initial): C:\Users\LENOVO\.gradle\wrapper\dists\gradle-9.3.1-all\9ot9r568e8zfvvd4mn8rbu1j0\gradle-9.3.1\lib\gradle-daemon-main-9.3.1.jar
Launcher Type: SUN_STANDARD

[Global flags]
     intx CICompilerCount                          = 3                                         {product} {ergonomic}
     uint ConcGCThreads                            = 1                                         {product} {ergonomic}
     uint G1ConcRefinementThreads                  = 4                                         {product} {ergonomic}
   size_t G1HeapRegionSize                         = 4194304                                   {product} {ergonomic}
    uintx GCDrainStackTargetSize                   = 64                                        {product} {ergonomic}
     bool HeapDumpOnOutOfMemoryError               = true                                   {manageable} {command line}
   size_t InitialHeapSize                          = 100663296                                 {product} {ergonomic}
   size_t MarkStackSize                            = 4194304                                   {product} {ergonomic}
   size_t MaxHeapSize                              = 8589934592                                {product} {command line}
   size_t MaxMetaspaceSize                         = 4294967296                                {product} {command line}
   size_t MaxNewSize                               = 5150605312                                {product} {ergonomic}
   size_t MinHeapDeltaBytes                        = 4194304                                   {product} {ergonomic}
   size_t MinHeapSize                              = 8388608                                   {product} {ergonomic}
    uintx NonNMethodCodeHeapSize                   = 5832780                                {pd product} {ergonomic}
    uintx NonProfiledCodeHeapSize                  = 265519066                              {pd product} {ergonomic}
    uintx ProfiledCodeHeapSize                     = 265519066                              {pd product} {ergonomic}
    uintx ReservedCodeCacheSize                    = 536870912                              {pd product} {command line}
     bool SegmentedCodeCache                       = true                                      {product} {ergonomic}
   size_t SoftMaxHeapSize                          = 8589934592                             {manageable} {ergonomic}
     bool UseCompressedOops                        = true                           {product lp64_product} {ergonomic}
     bool UseG1GC                                  = true                                      {product} {ergonomic}
     bool UseLargePagesIndividualAllocation        = false                                  {pd product} {ergonomic}

Logging:
Log output configuration:
 #0: stdout all=warning uptime,level,tags foldmultilines=false
 #1: stderr all=off uptime,level,tags foldmultilines=false

Release file:
JAVA_VERSION="21.0.12.1" 
MODULES="java.base java.compiler java.datatransfer java.xml java.prefs java.desktop java.instrument java.logging java.management java.security.sasl java.naming java.rmi java.management.rmi java.net.http java.scripting java.security.jgss java.transaction.xa java.sql java.sql.rowset java.xml.crypto java.se java.smartcardio jdk.accessibility jdk.internal.jvmstat jdk.attach jdk.charsets jdk.internal.opt jdk.zipfs jdk.compiler jdk.crypto.ec jdk.crypto.cryptoki jdk.crypto.mscapi jdk.dynalink jdk.internal.ed jdk.editpad jdk.hotspot.agent jdk.httpserver jdk.internal.le jdk.internal.vm.ci jdk.internal.vm.compiler jdk.internal.vm.compiler.management jdk.jartool jdk.javadoc jdk.jcmd jdk.management jdk.management.agent jdk.jconsole jdk.jdeps jdk.jdwp.agent jdk.jdi jdk.jfr jdk.jshell jdk.jsobject jdk.jstatd jdk.localedata jdk.management.jfr jdk.naming.dns jdk.naming.rmi jdk.net jdk.nio.mapmode jdk.random jdk.sctp jdk.security.auth jdk.security.jgss jdk.unsupported jdk.unsupported.desktop jdk.xml.dom" 

Environment Variables:
PATH=C:\Program Files\Common Files\Oracle\Java\javapath;C:\WINDOWS\system32;C:\WINDOWS;C:\WINDOWS\System32\Wbem;C:\WINDOWS\System32\WindowsPowerShell\v1.0\;C:\WINDOWS\System32\OpenSSH\;C:\Program Files (x86)\HP\Common\HPDestPlgIn\;C:\Program Files\Git\cmd;D:\laragon\bin\php\php-8.1.10-Win32-vs16-x64;C:\ProgramData\ComposerSetup\bin;C:\Program Files\Docker\Docker\resources\bin;C:\Users\LENOVO\AppData\Local\Microsoft\WindowsApps;C:\Program Files (x86)\HP\Common\HPDestPlgIn\;C:\Program Files\Java\jdk\bin;C:\Users\LENOVO\AppData\Local\Programs\Microsoft VS Code\bin;C:\Users\LENOVO\AppData\Roaming\Composer\vendor\bin;D:\Antigravity\bin;D:\SDK\flutter\flutter_windows_3.47.2-stable\flutter\bin;
USERNAME=LENOVO
OS=Windows_NT
PROCESSOR_IDENTIFIER=AMD64 Family 23 Model 24 Stepping 1, AuthenticAMD
TMP=C:\Users\LENOVO\AppData\Local\Temp
TEMP=C:\Users\LENOVO\AppData\Local\Temp




Periodic native trim disabled

---------------  S Y S T E M  ---------------

OS:
 Windows 11 , 64 bit Build 26100 (10.0.26100.9444)
OS uptime: 1 days 11:37 hours
Hyper-V role detected

CPU: total 4 (initial active 4) (4 cores per cpu, 2 threads per core) family 23 model 24 stepping 1 microcode 0x8108109, cx8, cmov, fxsr, ht, mmx, 3dnowpref, sse, sse2, sse3, ssse3, sse4a, sse4.1, sse4.2, popcnt, lzcnt, tsc, tscinvbit, avx, avx2, aes, clmul, bmi1, bmi2, adx, sha, fma, vzeroupper, clflush, clflushopt, hv, rdtscp, f16c
Processor Information for the first 4 processors :
  Max Mhz: 2600, Current Mhz: 2600, Mhz Limit: 2600

Memory: 4k page, system-wide physical 6020M (169M free)
TotalPageFile size 23038M (AvailPageFile size 175M)
current process WorkingSet (physical memory assigned to process): 190M, peak: 247M
current process commit charge ("private bytes"): 289M, peak: 298M

vm_info: OpenJDK 64-Bit Server VM (21.0.12.1+1-LTS) for windows-amd64 JRE (21.0.12.1+1-LTS), built on 2026-08-18T00:00:00Z by "admin" with MS VC++ 17.12 (VS2022)

END.
